Executed command: dmesg
Output:
[    0.000000] Linux version 6.8.0-49-generic (buildd@lcy02-amd64-103) (x86_64-linux-gnu-gcc-12 (Ubuntu 12.3.0-1ubuntu1~22.04) 12.3.0, GNU ld (GNU Binutils for Ubuntu) 2.38) #49~22.04.1-Ubuntu SMP PREEMPT_DYNAMIC Wed Nov  6 17:42:15 UTC 2 (Ubuntu 6.8.0-49.49~22.04.1-generic 6.8.12)
[    0.000000] Command line: BOOT_IMAGE=/boot/vmlinuz-6.8.0-49-generic root=UUID=7f52563e-8a34-451a-bb52-a6a43cab6ed6 ro quiet splash no5lvl vt.handoff=7
[    0.000000] KERNEL supported cpus:
[    0.000000]   Intel GenuineIntel
[    0.000000]   AMD AuthenticAMD
[    0.000000]   Hygon HygonGenuine
[    0.000000]   Centaur CentaurHauls
[    0.000000]   zhaoxin   Shanghai  
[    0.000000] x86/tme: not enabled by BIOS
[    0.000000] x86/split lock detection: #AC: crashing the kernel on kernel split_locks and warning on user-space split_locks
[    0.000000] BIOS-provided physical RAM map:
[    0.000000] BIOS-e820: [mem 0x0000000000000000-0x000000000008ffff] usable
[    0.000000] BIOS-e820: [mem 0x0000000000090000-0x0000000000093fff] reserved
[    0.000000] BIOS-e820: [mem 0x0000000000094000-0x000000000009efff] usable
[    0.000000] BIOS-e820: [mem 0x000000000009f000-0x000000000009ffff] reserved
[    0.000000] BIOS-e820: [mem 0x00000000000f0000-0x00000000000fffff] reserved
[    0.000000] BIOS-e820: [mem 0x0000000000100000-0x000000003ec92fff] usable
[    0.000000] BIOS-e820: [mem 0x000000003ec93000-0x000000003ec94fff] ACPI data
[    0.000000] BIOS-e820: [mem 0x000000003ec95000-0x0000000053a6bfff] usable
[    0.000000] BIOS-e820: [mem 0x0000000053a6c000-0x0000000053a9bfff] ACPI data
[    0.000000] BIOS-e820: [mem 0x0000000053a9c000-0x00000000556ebfff] reserved
[    0.000000] BIOS-e820: [mem 0x00000000556ec000-0x0000000058275fff] usable
[    0.000000] BIOS-e820: [mem 0x0000000058276000-0x00000000582fdfff] reserved
[    0.000000] BIOS-e820: [mem 0x00000000582fe000-0x00000000593fdfff] ACPI NVS
[    0.000000] BIOS-e820: [mem 0x00000000593fe000-0x00000000597fffff] usable
[    0.000000] BIOS-e820: [mem 0x0000000059800000-0x0000000059880fff] reserved
[    0.000000] BIOS-e820: [mem 0x0000000059881000-0x000000006f7fffff] usable
[    0.000000] BIOS-e820: [mem 0x000000006f800000-0x000000008fffffff] reserved
[    0.000000] BIOS-e820: [mem 0x0000000098000000-0x0000000099c0ffff] reserved
[    0.000000] BIOS-e820: [mem 0x00000000fe000000-0x00000000fe00ffff] reserved
[    0.000000] BIOS-e820: [mem 0x0000000100000000-0x000000207fffffff] usable
[    0.000000] NX (Execute Disable) protection: active
[    0.000000] APIC: Static calls initialized
[    0.000000] e820: update [mem 0x503d5018-0x503da457] usable ==> usable
[    0.000000] e820: update [mem 0x503d5018-0x503da457] usable ==> usable
[    0.000000] e820: update [mem 0x503cc018-0x503d4057] usable ==> usable
[    0.000000] e820: update [mem 0x503cc018-0x503d4057] usable ==> usable
[    0.000000] e820: update [mem 0x503c0018-0x503cb257] usable ==> usable
[    0.000000] e820: update [mem 0x503c0018-0x503cb257] usable ==> usable
[    0.000000] e820: update [mem 0x50390018-0x503bf057] usable ==> usable
[    0.000000] e820: update [mem 0x50390018-0x503bf057] usable ==> usable
[    0.000000] e820: update [mem 0x5035b018-0x5038f457] usable ==> usable
[    0.000000] e820: update [mem 0x5035b018-0x5038f457] usable ==> usable
[    0.000000] e820: update [mem 0x50326018-0x5035a457] usable ==> usable
[    0.000000] e820: update [mem 0x50326018-0x5035a457] usable ==> usable
[    0.000000] e820: update [mem 0x502f1018-0x50325457] usable ==> usable
[    0.000000] e820: update [mem 0x502f1018-0x50325457] usable ==> usable
[    0.000000] e820: update [mem 0x502bc018-0x502f0457] usable ==> usable
[    0.000000] e820: update [mem 0x502bc018-0x502f0457] usable ==> usable
[    0.000000] extended physical RAM map:
[    0.000000] reserve setup_data: [mem 0x0000000000000000-0x000000000008ffff] usable
[    0.000000] reserve setup_data: [mem 0x0000000000090000-0x0000000000093fff] reserved
[    0.000000] reserve setup_data: [mem 0x0000000000094000-0x000000000009efff] usable
[    0.000000] reserve setup_data: [mem 0x000000000009f000-0x000000000009ffff] reserved
[    0.000000] reserve setup_data: [mem 0x00000000000f0000-0x00000000000fffff] reserved
[    0.000000] reserve setup_data: [mem 0x0000000000100000-0x000000003ec92fff] usable
[    0.000000] reserve setup_data: [mem 0x000000003ec93000-0x000000003ec94fff] ACPI data
[    0.000000] reserve setup_data: [mem 0x000000003ec95000-0x00000000502bc017] usable
[    0.000000] reserve setup_data: [mem 0x00000000502bc018-0x00000000502f0457] usable
[    0.000000] reserve setup_data: [mem 0x00000000502f0458-0x00000000502f1017] usable
[    0.000000] reserve setup_data: [mem 0x00000000502f1018-0x0000000050325457] usable
[    0.000000] reserve setup_data: [mem 0x0000000050325458-0x0000000050326017] usable
[    0.000000] reserve setup_data: [mem 0x0000000050326018-0x000000005035a457] usable
[    0.000000] reserve setup_data: [mem 0x000000005035a458-0x000000005035b017] usable
[    0.000000] reserve setup_data: [mem 0x000000005035b018-0x000000005038f457] usable
[    0.000000] reserve setup_data: [mem 0x000000005038f458-0x0000000050390017] usable
[    0.000000] reserve setup_data: [mem 0x0000000050390018-0x00000000503bf057] usable
[    0.000000] reserve setup_data: [mem 0x00000000503bf058-0x00000000503c0017] usable
[    0.000000] reserve setup_data: [mem 0x00000000503c0018-0x00000000503cb257] usable
[    0.000000] reserve setup_data: [mem 0x00000000503cb258-0x00000000503cc017] usable
[    0.000000] reserve setup_data: [mem 0x00000000503cc018-0x00000000503d4057] usable
[    0.000000] reserve setup_data: [mem 0x00000000503d4058-0x00000000503d5017] usable
[    0.000000] reserve setup_data: [mem 0x00000000503d5018-0x00000000503da457] usable
[    0.000000] reserve setup_data: [mem 0x00000000503da458-0x0000000053a6bfff] usable
[    0.000000] reserve setup_data: [mem 0x0000000053a6c000-0x0000000053a9bfff] ACPI data
[    0.000000] reserve setup_data: [mem 0x0000000053a9c000-0x00000000556ebfff] reserved
[    0.000000] reserve setup_data: [mem 0x00000000556ec000-0x0000000058275fff] usable
[    0.000000] reserve setup_data: [mem 0x0000000058276000-0x00000000582fdfff] reserved
[    0.000000] reserve setup_data: [mem 0x00000000582fe000-0x00000000593fdfff] ACPI NVS
[    0.000000] reserve setup_data: [mem 0x00000000593fe000-0x00000000597fffff] usable
[    0.000000] reserve setup_data: [mem 0x0000000059800000-0x0000000059880fff] reserved
[    0.000000] reserve setup_data: [mem 0x0000000059881000-0x000000006f7fffff] usable
[    0.000000] reserve setup_data: [mem 0x000000006f800000-0x000000008fffffff] reserved
[    0.000000] reserve setup_data: [mem 0x0000000098000000-0x0000000099c0ffff] reserved
[    0.000000] reserve setup_data: [mem 0x00000000fe000000-0x00000000fe00ffff] reserved
[    0.000000] reserve setup_data: [mem 0x0000000100000000-0x000000207fffffff] usable
[    0.000000] efi: EFI v2.7 by HPE
[    0.000000] efi: SMBIOS=0x53ea8000 SMBIOS 3.0=0x53ea6000 ACPI=0x53a9b000 ACPI 2.0=0x53a9b014 TPMFinalLog=0x5836d000 MEMATTR=0x48928018 MOKvar=0x53ea5000 RNG=0x53a6c018 TPMEventLog=0x503dc018 
[    0.000000] random: crng init done
[    0.000000] efi: Remove mem70: MMIO range=[0x80000000-0x8fffffff] (256MB) from e820 map
[    0.000000] e820: remove [mem 0x80000000-0x8fffffff] reserved
[    0.000000] efi: Remove mem71: MMIO range=[0x98000000-0x99c0ffff] (28MB) from e820 map
[    0.000000] e820: remove [mem 0x98000000-0x99c0ffff] reserved
[    0.000000] efi: Not removing mem72: MMIO range=[0xfe000000-0xfe00ffff] (64KB) from e820 map
[    0.000000] secureboot: Secure boot disabled
[    0.000000] SMBIOS 3.4.0 present.
[    0.000000] DMI: HPE ProLiant DL380 Gen10 Plus/ProLiant DL380 Gen10 Plus, BIOS U46 08/11/2022
[    0.000000] tsc: Detected 2900.000 MHz processor
[    0.000040] e820: update [mem 0x00000000-0x00000fff] usable ==> reserved
[    0.000052] e820: remove [mem 0x000a0000-0x000fffff] usable
[    0.000103] last_pfn = 0x2080000 max_arch_pfn = 0x400000000
[    0.000125] total RAM covered: 260080M
[    0.000622] Found optimal setting for mtrr clean up
[    0.000624]  gran_size: 64K 	chunk_size: 32M 	num_reg: 8  	lose cover RAM: 0G
[    0.000638] MTRR map: 5 entries (2 fixed + 3 variable; max 22), built from 10 variable MTRRs
[    0.000645] x86/PAT: Configuration [0-7]: WB  WC  UC- UC  WB  WP  UC- WT  
[    0.002835] e820: update [mem 0x7f000000-0xffffffff] usable ==> reserved
[    0.002842] x2apic: enabled by BIOS, switching to x2apic ops
[    0.002844] last_pfn = 0x6f800 max_arch_pfn = 0x400000000
[    0.015659] Using GB pages for direct mapping
[    0.016561] secureboot: Secure boot disabled
[    0.016562] RAMDISK: [mem 0x398b4000-0x3dd6dfff]
[    0.016568] ACPI: Early table checksum verification disabled
[    0.016573] ACPI: RSDP 0x0000000053A9B014 000024 (v02 HPE   )
[    0.016577] ACPI: XSDT 0x0000000053A84188 00011C (v01 HPE    Server   00000001      01000013)
[    0.016583] ACPI: FACP 0x0000000053A8F000 00010C (v06 HPE    Server   00000001 1590 00000001)
[    0.016589] ACPI: DSDT 0x0000000053A78000 008048 (v02 HPE    Server   00000002 HPE  00020000)
[    0.016593] ACPI: FACS 0x000000005836B000 000040
[    0.016596] ACPI: SSDT 0x0000000053A99000 000C0A (v02 HPE    ADDRXLAT 00000001 INTL 20181003)
[    0.016600] ACPI: ERST 0x0000000053A98000 000250 (v01 HPE    Server   00000001 INTL 00000001)
[    0.016603] ACPI: MCEJ 0x0000000053A97000 000130 (v01 HPE    Server   00000001 INTL 0100000D)
[    0.016606] ACPI: BERT 0x0000000053A96000 000030 (v01 HPE    Server   00000001 INTL 00000001)
[    0.016609] ACPI: PMTT 0x0000000053A94000 000908 (v02 HPE    Server   00000001 INTL 20091013)
[    0.016613] ACPI: HEST 0x0000000053A93000 00017C (v01 HPE    Server   00000001 INTL 00000001)
[    0.016616] ACPI: EINJ 0x0000000053A92000 000170 (v01 HPE    Server   00000001 INTL 00000001)
[    0.016619] ACPI: SSDT 0x0000000053A91000 00061B (v02 HPE    Tpm2Tabl 00001000 INTL 20181003)
[    0.016623] ACPI: TPM2 0x0000000053A90000 00004C (v04 HPE    Server   00000002      01000013)
[    0.016626] ACPI: SSDT 0x0000000053A95000 00003A (v02 HPE    PLATOPRG 00000001 INTL 20181003)
[    0.016629] ACPI: HPET 0x0000000053A8E000 000038 (v01 HPE    Server   00000001 1590 00000001)
[    0.016633] ACPI: WDDT 0x0000000053A8D000 000040 (v01 HPE    Server   00000001 1590 00000001)
[    0.016636] ACPI: APIC 0x0000000053A8C000 00074C (v05 HPE    Server   00000001 1590 00000001)
[    0.016639] ACPI: MCFG 0x0000000053A8B000 00003C (v01 HPE    Server   00000001 1590 00000001)
[    0.016643] ACPI: SLIT 0x0000000053A8A000 000030 (v01 HPE    Server   00000001 1590 00000001)
[    0.016646] ACPI: SRAT 0x0000000053A89000 0006A8 (v03 HPE    Server   00000001 1590 00000001)
[    0.016649] ACPI: HMAT 0x0000000053A88000 0000E8 (v02 HPE    Server   00000001 1590 00000001)
[    0.016652] ACPI: SPMI 0x0000000053A87000 000041 (v05 HPE    Server   00000001 1590 00000001)
[    0.016656] ACPI: SPCR 0x0000000053A86000 000050 (v02 HPE    Server   00000001 1590 00000001)
[    0.016659] ACPI: MSCT 0x0000000053A85000 000064 (v01 HPE    Server   00000001 1590 00000001)
[    0.016662] ACPI: BDAT 0x0000000053A9A000 000030 (v01 HPE    Server   00000001 1590 00000001)
[    0.016665] ACPI: WSMT 0x0000000053A83000 000028 (v01 HPE    Server   00000001 1590 00000001)
[    0.016669] ACPI: PCCT 0x0000000053A82000 000030 (v02 HPE    Server   00000001 1590 00000001)
[    0.016672] ACPI: DMAR 0x0000000053A81000 000290 (v01 HPE    Server   00000001 1590 00000001)
[    0.016676] ACPI: SSDT 0x0000000053A72000 00516D (v02 HPE    PCISSDT  00000002 HPE  00020000)
[    0.016679] ACPI: SSDT 0x0000000053A71000 0001C9 (v02 HPE    TIMESSDT 00000002 HPE  00020000)
[    0.016683] ACPI: SSDT 0x0000000053A70000 000302 (v01 HPE    pmab     00000001 1590 20181003)
[    0.016686] ACPI: OEM1 0x0000000053A6F000 000AC0 (v02 HPE    CPU  CPC 00000002 HPE  00020000)
[    0.016689] ACPI: BGRT 0x0000000053A6E000 000038 (v01 HPE    Server   00000002 1590 01000013)
[    0.016693] ACPI: FPDT 0x0000000053A6D000 000034 (v01 HPE    Server   00000002      01000013)
[    0.016695] ACPI: Reserving FACP table memory at [mem 0x53a8f000-0x53a8f10b]
[    0.016697] ACPI: Reserving DSDT table memory at [mem 0x53a78000-0x53a80047]
[    0.016698] ACPI: Reserving FACS table memory at [mem 0x5836b000-0x5836b03f]
[    0.016698] ACPI: Reserving SSDT table memory at [mem 0x53a99000-0x53a99c09]
[    0.016699] ACPI: Reserving ERST table memory at [mem 0x53a98000-0x53a9824f]
[    0.016700] ACPI: Reserving MCEJ table memory at [mem 0x53a97000-0x53a9712f]
[    0.016701] ACPI: Reserving BERT table memory at [mem 0x53a96000-0x53a9602f]
[    0.016702] ACPI: Reserving PMTT table memory at [mem 0x53a94000-0x53a94907]
[    0.016702] ACPI: Reserving HEST table memory at [mem 0x53a93000-0x53a9317b]
[    0.016703] ACPI: Reserving EINJ table memory at [mem 0x53a92000-0x53a9216f]
[    0.016704] ACPI: Reserving SSDT table memory at [mem 0x53a91000-0x53a9161a]
[    0.016705] ACPI: Reserving TPM2 table memory at [mem 0x53a90000-0x53a9004b]
[    0.016706] ACPI: Reserving SSDT table memory at [mem 0x53a95000-0x53a95039]
[    0.016707] ACPI: Reserving HPET table memory at [mem 0x53a8e000-0x53a8e037]
[    0.016707] ACPI: Reserving WDDT table memory at [mem 0x53a8d000-0x53a8d03f]
[    0.016708] ACPI: Reserving APIC table memory at [mem 0x53a8c000-0x53a8c74b]
[    0.016709] ACPI: Reserving MCFG table memory at [mem 0x53a8b000-0x53a8b03b]
[    0.016710] ACPI: Reserving SLIT table memory at [mem 0x53a8a000-0x53a8a02f]
[    0.016711] ACPI: Reserving SRAT table memory at [mem 0x53a89000-0x53a896a7]
[    0.016712] ACPI: Reserving HMAT table memory at [mem 0x53a88000-0x53a880e7]
[    0.016712] ACPI: Reserving SPMI table memory at [mem 0x53a87000-0x53a87040]
[    0.016713] ACPI: Reserving SPCR table memory at [mem 0x53a86000-0x53a8604f]
[    0.016714] ACPI: Reserving MSCT table memory at [mem 0x53a85000-0x53a85063]
[    0.016715] ACPI: Reserving BDAT table memory at [mem 0x53a9a000-0x53a9a02f]
[    0.016716] ACPI: Reserving WSMT table memory at [mem 0x53a83000-0x53a83027]
[    0.016717] ACPI: Reserving PCCT table memory at [mem 0x53a82000-0x53a8202f]
[    0.016717] ACPI: Reserving DMAR table memory at [mem 0x53a81000-0x53a8128f]
[    0.016718] ACPI: Reserving SSDT table memory at [mem 0x53a72000-0x53a7716c]
[    0.016719] ACPI: Reserving SSDT table memory at [mem 0x53a71000-0x53a711c8]
[    0.016720] ACPI: Reserving SSDT table memory at [mem 0x53a70000-0x53a70301]
[    0.016721] ACPI: Reserving OEM1 table memory at [mem 0x53a6f000-0x53a6fabf]
[    0.016722] ACPI: Reserving BGRT table memory at [mem 0x53a6e000-0x53a6e037]
[    0.016722] ACPI: Reserving FPDT table memory at [mem 0x53a6d000-0x53a6d033]
[    0.016787] APIC: Switched APIC routing to: cluster x2apic
[    0.016824] SRAT: PXM 0 -> APIC 0x0000 -> Node 0
[    0.016826] SRAT: PXM 0 -> APIC 0x0002 -> Node 0
[    0.016827] SRAT: PXM 0 -> APIC 0x0004 -> Node 0
[    0.016827] SRAT: PXM 0 -> APIC 0x0006 -> Node 0
[    0.016828] SRAT: PXM 0 -> APIC 0x0008 -> Node 0
[    0.016829] SRAT: PXM 0 -> APIC 0x000a -> Node 0
[    0.016830] SRAT: PXM 0 -> APIC 0x000c -> Node 0
[    0.016830] SRAT: PXM 0 -> APIC 0x000e -> Node 0
[    0.016831] SRAT: PXM 0 -> APIC 0x0010 -> Node 0
[    0.016832] SRAT: PXM 0 -> APIC 0x0012 -> Node 0
[    0.016833] SRAT: PXM 0 -> APIC 0x0014 -> Node 0
[    0.016834] SRAT: PXM 0 -> APIC 0x0016 -> Node 0
[    0.016834] SRAT: PXM 0 -> APIC 0x0018 -> Node 0
[    0.016836] SRAT: PXM 0 -> APIC 0x001a -> Node 0
[    0.016836] SRAT: PXM 0 -> APIC 0x001c -> Node 0
[    0.016837] SRAT: PXM 0 -> APIC 0x001e -> Node 0
[    0.016838] SRAT: PXM 1 -> APIC 0x0040 -> Node 1
[    0.016839] SRAT: PXM 1 -> APIC 0x0042 -> Node 1
[    0.016839] SRAT: PXM 1 -> APIC 0x0044 -> Node 1
[    0.016840] SRAT: PXM 1 -> APIC 0x0046 -> Node 1
[    0.016841] SRAT: PXM 1 -> APIC 0x0048 -> Node 1
[    0.016841] SRAT: PXM 1 -> APIC 0x004a -> Node 1
[    0.016842] SRAT: PXM 1 -> APIC 0x004c -> Node 1
[    0.016843] SRAT: PXM 1 -> APIC 0x004e -> Node 1
[    0.016844] SRAT: PXM 1 -> APIC 0x0050 -> Node 1
[    0.016844] SRAT: PXM 1 -> APIC 0x0052 -> Node 1
[    0.016845] SRAT: PXM 1 -> APIC 0x0054 -> Node 1
[    0.016846] SRAT: PXM 1 -> APIC 0x0056 -> Node 1
[    0.016846] SRAT: PXM 1 -> APIC 0x0058 -> Node 1
[    0.016847] SRAT: PXM 1 -> APIC 0x005a -> Node 1
[    0.016848] SRAT: PXM 1 -> APIC 0x005c -> Node 1
[    0.016849] SRAT: PXM 1 -> APIC 0x005e -> Node 1
[    0.016849] SRAT: PXM 0 -> APIC 0x0001 -> Node 0
[    0.016850] SRAT: PXM 0 -> APIC 0x0003 -> Node 0
[    0.016851] SRAT: PXM 0 -> APIC 0x0005 -> Node 0
[    0.016851] SRAT: PXM 0 -> APIC 0x0007 -> Node 0
[    0.016852] SRAT: PXM 0 -> APIC 0x0009 -> Node 0
[    0.016853] SRAT: PXM 0 -> APIC 0x000b -> Node 0
[    0.016853] SRAT: PXM 0 -> APIC 0x000d -> Node 0
[    0.016854] SRAT: PXM 0 -> APIC 0x000f -> Node 0
[    0.016855] SRAT: PXM 0 -> APIC 0x0011 -> Node 0
[    0.016855] SRAT: PXM 0 -> APIC 0x0013 -> Node 0
[    0.016856] SRAT: PXM 0 -> APIC 0x0015 -> Node 0
[    0.016857] SRAT: PXM 0 -> APIC 0x0017 -> Node 0
[    0.016858] SRAT: PXM 0 -> APIC 0x0019 -> Node 0
[    0.016858] SRAT: PXM 0 -> APIC 0x001b -> Node 0
[    0.016859] SRAT: PXM 0 -> APIC 0x001d -> Node 0
[    0.016860] SRAT: PXM 0 -> APIC 0x001f -> Node 0
[    0.016860] SRAT: PXM 1 -> APIC 0x0041 -> Node 1
[    0.016861] SRAT: PXM 1 -> APIC 0x0043 -> Node 1
[    0.016862] SRAT: PXM 1 -> APIC 0x0045 -> Node 1
[    0.016862] SRAT: PXM 1 -> APIC 0x0047 -> Node 1
[    0.016863] SRAT: PXM 1 -> APIC 0x0049 -> Node 1
[    0.016864] SRAT: PXM 1 -> APIC 0x004b -> Node 1
[    0.016865] SRAT: PXM 1 -> APIC 0x004d -> Node 1
[    0.016865] SRAT: PXM 1 -> APIC 0x004f -> Node 1
[    0.016866] SRAT: PXM 1 -> APIC 0x0051 -> Node 1
[    0.016867] SRAT: PXM 1 -> APIC 0x0053 -> Node 1
[    0.016868] SRAT: PXM 1 -> APIC 0x0055 -> Node 1
[    0.016869] SRAT: PXM 1 -> APIC 0x0057 -> Node 1
[    0.016869] SRAT: PXM 1 -> APIC 0x0059 -> Node 1
[    0.016870] SRAT: PXM 1 -> APIC 0x005b -> Node 1
[    0.016871] SRAT: PXM 1 -> APIC 0x005d -> Node 1
[    0.016872] SRAT: PXM 1 -> APIC 0x005f -> Node 1
[    0.016874] ACPI: SRAT: Node 0 PXM 0 [mem 0x00000000-0x7fffffff]
[    0.016876] ACPI: SRAT: Node 0 PXM 0 [mem 0x100000000-0x107fffffff]
[    0.016877] ACPI: SRAT: Node 1 PXM 1 [mem 0x1080000000-0x207fffffff]
[    0.016883] NUMA: Initialized distance table, cnt=2
[    0.016886] NUMA: Node 0 [mem 0x00000000-0x7fffffff] + [mem 0x100000000-0x107fffffff] -> [mem 0x00000000-0x107fffffff]
[    0.016895] NODE_DATA(0) allocated [mem 0x107ffd5000-0x107fffffff]
[    0.016917] NODE_DATA(1) allocated [mem 0x207ffd4000-0x207fffefff]
[    0.017170] Zone ranges:
[    0.017171]   DMA      [mem 0x0000000000001000-0x0000000000ffffff]
[    0.017173]   DMA32    [mem 0x0000000001000000-0x00000000ffffffff]
[    0.017175]   Normal   [mem 0x0000000100000000-0x000000207fffffff]
[    0.017176]   Device   empty
[    0.017177] Movable zone start for each node
[    0.017181] Early memory node ranges
[    0.017181]   node   0: [mem 0x0000000000001000-0x000000000008ffff]
[    0.017183]   node   0: [mem 0x0000000000094000-0x000000000009efff]
[    0.017184]   node   0: [mem 0x0000000000100000-0x000000003ec92fff]
[    0.017185]   node   0: [mem 0x000000003ec95000-0x0000000053a6bfff]
[    0.017186]   node   0: [mem 0x00000000556ec000-0x0000000058275fff]
[    0.017186]   node   0: [mem 0x00000000593fe000-0x00000000597fffff]
[    0.017187]   node   0: [mem 0x0000000059881000-0x000000006f7fffff]
[    0.017188]   node   0: [mem 0x0000000100000000-0x000000107fffffff]
[    0.017193]   node   1: [mem 0x0000001080000000-0x000000207fffffff]
[    0.017198] Initmem setup node 0 [mem 0x0000000000001000-0x000000107fffffff]
[    0.017202] Initmem setup node 1 [mem 0x0000001080000000-0x000000207fffffff]
[    0.017205] On node 0, zone DMA: 1 pages in unavailable ranges
[    0.017207] On node 0, zone DMA: 4 pages in unavailable ranges
[    0.017235] On node 0, zone DMA: 97 pages in unavailable ranges
[    0.019589] On node 0, zone DMA32: 2 pages in unavailable ranges
[    0.019727] On node 0, zone DMA32: 7296 pages in unavailable ranges
[    0.019775] On node 0, zone DMA32: 4488 pages in unavailable ranges
[    0.020391] On node 0, zone DMA32: 129 pages in unavailable ranges
[    0.136371] On node 0, zone Normal: 2048 pages in unavailable ranges
[    0.376014] ACPI: PM-Timer IO Port: 0x508
[    0.376028] ACPI: X2APIC_NMI (uid[0x00] high level lint[0x1])
[    0.376029] ACPI: X2APIC_NMI (uid[0x01] high level lint[0x1])
[    0.376030] ACPI: X2APIC_NMI (uid[0x02] high level lint[0x1])
[    0.376031] ACPI: X2APIC_NMI (uid[0x03] high level lint[0x1])
[    0.376032] ACPI: X2APIC_NMI (uid[0x04] high level lint[0x1])
[    0.376033] ACPI: X2APIC_NMI (uid[0x05] high level lint[0x1])
[    0.376033] ACPI: X2APIC_NMI (uid[0x06] high level lint[0x1])
[    0.376034] ACPI: X2APIC_NMI (uid[0x07] high level lint[0x1])
[    0.376035] ACPI: X2APIC_NMI (uid[0x08] high level lint[0x1])
[    0.376035] ACPI: X2APIC_NMI (uid[0x09] high level lint[0x1])
[    0.376036] ACPI: X2APIC_NMI (uid[0x0a] high level lint[0x1])
[    0.376037] ACPI: X2APIC_NMI (uid[0x0b] high level lint[0x1])
[    0.376037] ACPI: X2APIC_NMI (uid[0x0c] high level lint[0x1])
[    0.376038] ACPI: X2APIC_NMI (uid[0x0d] high level lint[0x1])
[    0.376039] ACPI: X2APIC_NMI (uid[0x0e] high level lint[0x1])
[    0.376039] ACPI: X2APIC_NMI (uid[0x0f] high level lint[0x1])
[    0.376040] ACPI: X2APIC_NMI (uid[0x10] high level lint[0x1])
[    0.376041] ACPI: X2APIC_NMI (uid[0x11] high level lint[0x1])
[    0.376041] ACPI: X2APIC_NMI (uid[0x12] high level lint[0x1])
[    0.376042] ACPI: X2APIC_NMI (uid[0x13] high level lint[0x1])
[    0.376043] ACPI: X2APIC_NMI (uid[0x14] high level lint[0x1])
[    0.376043] ACPI: X2APIC_NMI (uid[0x15] high level lint[0x1])
[    0.376044] ACPI: X2APIC_NMI (uid[0x16] high level lint[0x1])
[    0.376045] ACPI: X2APIC_NMI (uid[0x17] high level lint[0x1])
[    0.376045] ACPI: X2APIC_NMI (uid[0x18] high level lint[0x1])
[    0.376046] ACPI: X2APIC_NMI (uid[0x19] high level lint[0x1])
[    0.376047] ACPI: X2APIC_NMI (uid[0x1a] high level lint[0x1])
[    0.376047] ACPI: X2APIC_NMI (uid[0x1b] high level lint[0x1])
[    0.376048] ACPI: X2APIC_NMI (uid[0x1c] high level lint[0x1])
[    0.376049] ACPI: X2APIC_NMI (uid[0x1d] high level lint[0x1])
[    0.376049] ACPI: X2APIC_NMI (uid[0x1e] high level lint[0x1])
[    0.376050] ACPI: X2APIC_NMI (uid[0x1f] high level lint[0x1])
[    0.376051] ACPI: X2APIC_NMI (uid[0x40] high level lint[0x1])
[    0.376051] ACPI: X2APIC_NMI (uid[0x41] high level lint[0x1])
[    0.376052] ACPI: X2APIC_NMI (uid[0x42] high level lint[0x1])
[    0.376053] ACPI: X2APIC_NMI (uid[0x43] high level lint[0x1])
[    0.376053] ACPI: X2APIC_NMI (uid[0x44] high level lint[0x1])
[    0.376054] ACPI: X2APIC_NMI (uid[0x45] high level lint[0x1])
[    0.376055] ACPI: X2APIC_NMI (uid[0x46] high level lint[0x1])
[    0.376055] ACPI: X2APIC_NMI (uid[0x47] high level lint[0x1])
[    0.376056] ACPI: X2APIC_NMI (uid[0x48] high level lint[0x1])
[    0.376057] ACPI: X2APIC_NMI (uid[0x49] high level lint[0x1])
[    0.376057] ACPI: X2APIC_NMI (uid[0x4a] high level lint[0x1])
[    0.376058] ACPI: X2APIC_NMI (uid[0x4b] high level lint[0x1])
[    0.376059] ACPI: X2APIC_NMI (uid[0x4c] high level lint[0x1])
[    0.376059] ACPI: X2APIC_NMI (uid[0x4d] high level lint[0x1])
[    0.376060] ACPI: X2APIC_NMI (uid[0x4e] high level lint[0x1])
[    0.376060] ACPI: X2APIC_NMI (uid[0x4f] high level lint[0x1])
[    0.376061] ACPI: X2APIC_NMI (uid[0x50] high level lint[0x1])
[    0.376062] ACPI: X2APIC_NMI (uid[0x51] high level lint[0x1])
[    0.376062] ACPI: X2APIC_NMI (uid[0x52] high level lint[0x1])
[    0.376063] ACPI: X2APIC_NMI (uid[0x53] high level lint[0x1])
[    0.376064] ACPI: X2APIC_NMI (uid[0x54] high level lint[0x1])
[    0.376064] ACPI: X2APIC_NMI (uid[0x55] high level lint[0x1])
[    0.376065] ACPI: X2APIC_NMI (uid[0x56] high level lint[0x1])
[    0.376066] ACPI: X2APIC_NMI (uid[0x57] high level lint[0x1])
[    0.376066] ACPI: X2APIC_NMI (uid[0x58] high level lint[0x1])
[    0.376067] ACPI: X2APIC_NMI (uid[0x59] high level lint[0x1])
[    0.376068] ACPI: X2APIC_NMI (uid[0x5a] high level lint[0x1])
[    0.376068] ACPI: X2APIC_NMI (uid[0x5b] high level lint[0x1])
[    0.376069] ACPI: X2APIC_NMI (uid[0x5c] high level lint[0x1])
[    0.376070] ACPI: X2APIC_NMI (uid[0x5d] high level lint[0x1])
[    0.376070] ACPI: X2APIC_NMI (uid[0x5e] high level lint[0x1])
[    0.376071] ACPI: X2APIC_NMI (uid[0x5f] high level lint[0x1])
[    0.376090] IOAPIC[0]: apic_id 8, version 32, address 0xfec00000, GSI 0-119
[    0.376093] ACPI: INT_SRC_OVR (bus 0 bus_irq 0 global_irq 2 dfl dfl)
[    0.376095] ACPI: INT_SRC_OVR (bus 0 bus_irq 9 global_irq 9 high level)
[    0.376099] ACPI: Using ACPI (MADT) for SMP configuration information
[    0.376101] ACPI: HPET id: 0x8086a701 base: 0xfed00000
[    0.376109] e820: update [mem 0x3eb70000-0x3eba0fff] usable ==> reserved
[    0.376126] ACPI: SPCR: console: uart,mmio,0x0,115200
[    0.376128] TSC deadline timer available
[    0.376128] smpboot: Allowing 64 CPUs, 0 hotplug CPUs
[    0.376150] PM: hibernation: Registered nosave memory: [mem 0x00000000-0x00000fff]
[    0.376152] PM: hibernation: Registered nosave memory: [mem 0x00090000-0x00093fff]
[    0.376153] PM: hibernation: Registered nosave memory: [mem 0x0009f000-0x0009ffff]
[    0.376154] PM: hibernation: Registered nosave memory: [mem 0x000a0000-0x000effff]
[    0.376155] PM: hibernation: Registered nosave memory: [mem 0x000f0000-0x000fffff]
[    0.376156] PM: hibernation: Registered nosave memory: [mem 0x3eb70000-0x3eba0fff]
[    0.376157] PM: hibernation: Registered nosave memory: [mem 0x3ec93000-0x3ec94fff]
[    0.376159] PM: hibernation: Registered nosave memory: [mem 0x502bc000-0x502bcfff]
[    0.376160] PM: hibernation: Registered nosave memory: [mem 0x502f0000-0x502f0fff]
[    0.376161] PM: hibernation: Registered nosave memory: [mem 0x502f1000-0x502f1fff]
[    0.376162] PM: hibernation: Registered nosave memory: [mem 0x50325000-0x50325fff]
[    0.376163] PM: hibernation: Registered nosave memory: [mem 0x50326000-0x50326fff]
[    0.376164] PM: hibernation: Registered nosave memory: [mem 0x5035a000-0x5035afff]
[    0.376165] PM: hibernation: Registered nosave memory: [mem 0x5035b000-0x5035bfff]
[    0.376166] PM: hibernation: Registered nosave memory: [mem 0x5038f000-0x5038ffff]
[    0.376167] PM: hibernation: Registered nosave memory: [mem 0x50390000-0x50390fff]
[    0.376168] PM: hibernation: Registered nosave memory: [mem 0x503bf000-0x503bffff]
[    0.376169] PM: hibernation: Registered nosave memory: [mem 0x503c0000-0x503c0fff]
[    0.376171] PM: hibernation: Registered nosave memory: [mem 0x503cb000-0x503cbfff]
[    0.376171] PM: hibernation: Registered nosave memory: [mem 0x503cc000-0x503ccfff]
[    0.376173] PM: hibernation: Registered nosave memory: [mem 0x503d4000-0x503d4fff]
[    0.376174] PM: hibernation: Registered nosave memory: [mem 0x503d5000-0x503d5fff]
[    0.376175] PM: hibernation: Registered nosave memory: [mem 0x503da000-0x503dafff]
[    0.376177] PM: hibernation: Registered nosave memory: [mem 0x53a6c000-0x53a9bfff]
[    0.376178] PM: hibernation: Registered nosave memory: [mem 0x53a9c000-0x556ebfff]
[    0.376179] PM: hibernation: Registered nosave memory: [mem 0x58276000-0x582fdfff]
[    0.376180] PM: hibernation: Registered nosave memory: [mem 0x582fe000-0x593fdfff]
[    0.376181] PM: hibernation: Registered nosave memory: [mem 0x59800000-0x59880fff]
[    0.376183] PM: hibernation: Registered nosave memory: [mem 0x6f800000-0x7fffffff]
[    0.376184] PM: hibernation: Registered nosave memory: [mem 0x80000000-0xfdffffff]
[    0.376184] PM: hibernation: Registered nosave memory: [mem 0xfe000000-0xfe00ffff]
[    0.376185] PM: hibernation: Registered nosave memory: [mem 0xfe010000-0xffffffff]
[    0.376187] [mem 0x80000000-0xfdffffff] available for PCI devices
[    0.376189] Booting paravirtualized kernel on bare hardware
[    0.376191] clocksource: refined-jiffies: mask: 0xffffffff max_cycles: 0xffffffff, max_idle_ns: 1910969940391419 ns
[    0.376198] setup_percpu: NR_CPUS:8192 nr_cpumask_bits:64 nr_cpu_ids:64 nr_node_ids:2
[    0.383525] percpu: Embedded 86 pages/cpu s229376 r8192 d114688 u524288
[    0.383533] pcpu-alloc: s229376 r8192 d114688 u524288 alloc=1*2097152
[    0.383536] pcpu-alloc: [0] 00 01 02 03 [0] 04 05 06 07 
[    0.383541] pcpu-alloc: [0] 08 09 10 11 [0] 12 13 14 15 
[    0.383546] pcpu-alloc: [0] 32 33 34 35 [0] 36 37 38 39 
[    0.383551] pcpu-alloc: [0] 40 41 42 43 [0] 44 45 46 47 
[    0.383555] pcpu-alloc: [1] 16 17 18 19 [1] 20 21 22 23 
[    0.383559] pcpu-alloc: [1] 24 25 26 27 [1] 28 29 30 31 
[    0.383564] pcpu-alloc: [1] 48 49 50 51 [1] 52 53 54 55 
[    0.383568] pcpu-alloc: [1] 56 57 58 59 [1] 60 61 62 63 
[    0.383602] Kernel command line: BOOT_IMAGE=/boot/vmlinuz-6.8.0-49-generic root=UUID=7f52563e-8a34-451a-bb52-a6a43cab6ed6 ro quiet splash no5lvl vt.handoff=7
[    0.383681] Unknown kernel command line parameters "splash no5lvl BOOT_IMAGE=/boot/vmlinuz-6.8.0-49-generic", will be passed to user space.
[    0.383691] printk: log_buf_len individual max cpu contribution: 4096 bytes
[    0.383692] printk: log_buf_len total cpu_extra contributions: 258048 bytes
[    0.383693] printk: log_buf_len min size: 262144 bytes
[    0.384433] printk: log_buf_len: 524288 bytes
[    0.384435] printk: early log buf free: 234472(89%)
[    0.385505] Fallback order for Node 0: 0 1 
[    0.385509] Fallback order for Node 1: 1 0 
[    0.385516] Built 2 zonelists, mobility grouping on.  Total pages: 32951631
[    0.385517] Policy zone: Normal
[    0.385523] mem auto-init: stack:all(zero), heap alloc:on, heap free:off
[    0.385541] software IO TLB: area num 64.
[    0.684008] Memory: 131295992K/133899324K available (22528K kernel code, 4438K rwdata, 13900K rodata, 4972K init, 4740K bss, 2603072K reserved, 0K cma-reserved)
[    0.686618] SLUB: HWalign=64, Order=0-3, MinObjects=0, CPUs=64, Nodes=2
[    0.686665] ftrace: allocating 57907 entries in 227 pages
[    0.697372] ftrace: allocated 227 pages with 5 groups
[    0.698331] Dynamic Preempt: voluntary
[    0.698596] rcu: Preemptible hierarchical RCU implementation.
[    0.698597] rcu: 	RCU restricting CPUs from NR_CPUS=8192 to nr_cpu_ids=64.
[    0.698599] 	Trampoline variant of Tasks RCU enabled.
[    0.698599] 	Rude variant of Tasks RCU enabled.
[    0.698600] 	Tracing variant of Tasks RCU enabled.
[    0.698600] rcu: RCU calculated value of scheduler-enlistment delay is 100 jiffies.
[    0.698601] rcu: Adjusting geometry for rcu_fanout_leaf=16, nr_cpu_ids=64
[    0.701006] NR_IRQS: 524544, nr_irqs: 2568, preallocated irqs: 16
[    0.701273] rcu: srcu_init: Setting srcu_struct sizes based on contention.
[    0.701506] Console: colour dummy device 80x25
[    0.701508] printk: legacy console [tty0] enabled
[    0.701624] mempolicy: Enabling automatic NUMA balancing. Configure with numa_balancing= or the kernel.numa_balancing sysctl
[    0.701627] ACPI: Core revision 20230628
[    0.701827] clocksource: hpet: mask: 0xffffffff max_cycles: 0xffffffff, max_idle_ns: 79635855245 ns
[    0.701874] APIC: Switch to symmetric I/O mode setup
[    0.701876] DMAR: Host address width 46
[    0.701877] DMAR: DRHD base: 0x000000d4ffc000 flags: 0x0
[    0.701884] DMAR: dmar0: reg_base_addr d4ffc000 ver 4:0 cap 8ed008c40780466 ecap 60000f050df
[    0.701886] DMAR: DRHD base: 0x000000debfc000 flags: 0x0
[    0.701892] DMAR: dmar1: reg_base_addr debfc000 ver 4:0 cap 8ed008c40780466 ecap 60000f050df
[    0.701893] DMAR: DRHD base: 0x000000e87fc000 flags: 0x0
[    0.701897] DMAR: dmar2: reg_base_addr e87fc000 ver 4:0 cap 8ed008c40780466 ecap 60000f050df
[    0.701898] DMAR: DRHD base: 0x000000f23fc000 flags: 0x0
[    0.701901] DMAR: dmar3: reg_base_addr f23fc000 ver 4:0 cap 8ed008c40780466 ecap 60000f050df
[    0.701903] DMAR: DRHD base: 0x000000fb7fc000 flags: 0x0
[    0.701907] DMAR: dmar4: reg_base_addr fb7fc000 ver 4:0 cap 8ed008c40780466 ecap 60000f050df
[    0.701909] DMAR: DRHD base: 0x000000ae3fc000 flags: 0x0
[    0.701912] DMAR: dmar5: reg_base_addr ae3fc000 ver 4:0 cap 8ed008c40780466 ecap 60000f050df
[    0.701913] DMAR: DRHD base: 0x000000b7ffc000 flags: 0x0
[    0.701916] DMAR: dmar6: reg_base_addr b7ffc000 ver 4:0 cap 8ed008c40780466 ecap 60000f050df
[    0.701917] DMAR: DRHD base: 0x000000c1bfc000 flags: 0x0
[    0.701922] DMAR: dmar7: reg_base_addr c1bfc000 ver 4:0 cap 8ed008c40780466 ecap 60000f050df
[    0.701924] DMAR: DRHD base: 0x000000caffc000 flags: 0x0
[    0.701926] DMAR: dmar8: reg_base_addr caffc000 ver 4:0 cap 8ed008c40780466 ecap 60000f050df
[    0.701928] DMAR: DRHD base: 0x000000a47fc000 flags: 0x1
[    0.701931] DMAR: dmar9: reg_base_addr a47fc000 ver 4:0 cap 8ed008c40780466 ecap 60000f050df
[    0.701932] DMAR: RMRR base: 0x00000058277000 end: 0x00000058279fff
[    0.701933] DMAR: RMRR base: 0x000000582c0000 end: 0x000000582c0fff
[    0.701935] DMAR: ATSR flags: 0x0
[    0.701938] DMAR: ATSR flags: 0x0
[    0.701940] DMAR-IR: IOAPIC id 8 under DRHD base  0xa47fc000 IOMMU 9
[    0.701941] DMAR-IR: HPET id 0 under DRHD base 0xa47fc000
[    0.701942] DMAR-IR: Queued invalidation will be enabled to support x2apic and Intr-remapping.
[    0.704775] DMAR-IR: Enabled IRQ remapping in x2apic mode
[    0.707404] ..TIMER: vector=0x30 apic1=0 pin1=2 apic2=-1 pin2=-1
[    0.711830] clocksource: tsc-early: mask: 0xffffffffffffffff max_cycles: 0x29cd42e80b2, max_idle_ns: 440795228349 ns
[    0.711836] Calibrating delay loop (skipped), value calculated using timer frequency.. 5800.00 BogoMIPS (lpj=2900000)
[    0.711870] x86/cpu: SGX disabled by BIOS.
[    0.711879] CPU0: Thermal monitoring enabled (TM1)
[    0.711881] x86/cpu: User Mode Instruction Prevention (UMIP) activated
[    0.712229] process: using mwait in idle threads
[    0.712232] Last level iTLB entries: 4KB 0, 2MB 0, 4MB 0
[    0.712233] Last level dTLB entries: 4KB 0, 2MB 0, 4MB 0, 1GB 0
[    0.712238] Spectre V1 : Mitigation: usercopy/swapgs barriers and __user pointer sanitization
[    0.712241] Spectre V2 : Spectre BHI mitigation: SW BHB clearing on vm exit
[    0.712242] Spectre V2 : Spectre BHI mitigation: SW BHB clearing on syscall
[    0.712242] Spectre V2 : Mitigation: Enhanced / Automatic IBRS
[    0.712243] Spectre V2 : Spectre v2 / SpectreRSB mitigation: Filling RSB on context switch
[    0.712244] Spectre V2 : Spectre v2 / PBRSB-eIBRS: Retire a single CALL on VMEXIT
[    0.712246] Spectre V2 : mitigation: Enabling conditional Indirect Branch Prediction Barrier
[    0.712247] Speculative Store Bypass: Mitigation: Speculative Store Bypass disabled via prctl
[    0.712252] MMIO Stale Data: Mitigation: Clear CPU buffers
[    0.712254] GDS: Mitigation: Microcode
[    0.712262] x86/fpu: Supporting XSAVE feature 0x001: 'x87 floating point registers'
[    0.712263] x86/fpu: Supporting XSAVE feature 0x002: 'SSE registers'
[    0.712264] x86/fpu: Supporting XSAVE feature 0x004: 'AVX registers'
[    0.712264] x86/fpu: Supporting XSAVE feature 0x020: 'AVX-512 opmask'
[    0.712266] x86/fpu: Supporting XSAVE feature 0x040: 'AVX-512 Hi256'
[    0.712266] x86/fpu: Supporting XSAVE feature 0x080: 'AVX-512 ZMM_Hi256'
[    0.712267] x86/fpu: Supporting XSAVE feature 0x200: 'Protection Keys User registers'
[    0.712268] x86/fpu: xstate_offset[2]:  576, xstate_sizes[2]:  256
[    0.712270] x86/fpu: xstate_offset[5]:  832, xstate_sizes[5]:   64
[    0.712271] x86/fpu: xstate_offset[6]:  896, xstate_sizes[6]:  512
[    0.712272] x86/fpu: xstate_offset[7]: 1408, xstate_sizes[7]: 1024
[    0.712272] x86/fpu: xstate_offset[9]: 2432, xstate_sizes[9]:    8
[    0.712273] x86/fpu: Enabled xstate features 0x2e7, context size is 2440 bytes, using 'compacted' format.
[    0.738139] Freeing SMP alternatives memory: 48K
[    0.738142] pid_max: default: 65536 minimum: 512
[    0.743911] LSM: initializing lsm=lockdown,capability,landlock,yama,apparmor,integrity
[    0.743932] landlock: Up and running.
[    0.743932] Yama: becoming mindful.
[    0.743978] AppArmor: AppArmor initialized
[    0.752809] Dentry cache hash table entries: 8388608 (order: 14, 67108864 bytes, vmalloc hugepage)
[    0.757236] Inode-cache hash table entries: 4194304 (order: 13, 33554432 bytes, vmalloc hugepage)
[    0.757428] Mount-cache hash table entries: 131072 (order: 8, 1048576 bytes, vmalloc)
[    0.757581] Mountpoint-cache hash table entries: 131072 (order: 8, 1048576 bytes, vmalloc)
[    0.758361] smpboot: CPU0: Intel(R) Xeon(R) Gold 6326 CPU @ 2.90GHz (family: 0x6, model: 0x6a, stepping: 0x6)
[    0.758519] RCU Tasks: Setting shift to 6 and lim to 1 rcu_task_cb_adjust=1.
[    0.758541] RCU Tasks Rude: Setting shift to 6 and lim to 1 rcu_task_cb_adjust=1.
[    0.758562] RCU Tasks Trace: Setting shift to 6 and lim to 1 rcu_task_cb_adjust=1.
[    0.758580] Performance Events: PEBS fmt4+-baseline,  AnyThread deprecated, Icelake events, 32-deep LBR, full-width counters, Intel PMU driver.
[    0.758626] ... version:                5
[    0.758627] ... bit width:              48
[    0.758627] ... generic registers:      8
[    0.758628] ... value mask:             0000ffffffffffff
[    0.758629] ... max period:             00007fffffffffff
[    0.758630] ... fixed-purpose events:   4
[    0.758630] ... event mask:             0001000f000000ff
[    0.758731] signal: max sigframe size: 3632
[    0.758744] Estimated ratio of average max frequency by base frequency (times 1024): 1200
[    0.759377] rcu: Hierarchical SRCU implementation.
[    0.759379] rcu: 	Max phase no-delay instances is 400.
[    0.763435] NMI watchdog: Enabled. Permanently consumes one hw-PMU counter.
[    0.764038] smp: Bringing up secondary CPUs ...
[    0.764148] smpboot: x86: Booting SMP configuration:
[    0.764150] .... node  #0, CPUs:        #1  #2  #3  #4  #5  #6  #7  #8  #9 #10 #11 #12 #13 #14 #15
[    0.766185] .... node  #1, CPUs:   #16 #17 #18 #19 #20 #21 #22 #23 #24 #25 #26 #27 #28 #29 #30 #31
[    0.003489] smpboot: CPU 16 Converting physical 0 to logical die 1

[    0.924151] .... node  #0, CPUs:   #32 #33 #34 #35 #36 #37 #38 #39 #40 #41 #42 #43 #44 #45 #46 #47
[    0.928581] .... node  #1, CPUs:   #48 #49 #50 #51 #52 #53 #54 #55 #56 #57 #58 #59 #60 #61 #62 #63
[    0.934862] MMIO Stale Data CPU bug present and SMT on, data leak possible. See https://www.kernel.org/doc/html/latest/admin-guide/hw-vuln/processor_mmio_stale_data.html for more details.
[    0.966916] smp: Brought up 2 nodes, 64 CPUs
[    0.966925] smpboot: Max logical packages: 2
[    0.966930] smpboot: Total of 64 processors activated (371200.00 BogoMIPS)
[    0.972418] devtmpfs: initialized
[    0.972418] x86/mm: Memory block size: 2048MB
[    0.974216] ACPI: PM: Registering ACPI NVS region [mem 0x582fe000-0x593fdfff] (17825792 bytes)
[    0.974216] clocksource: jiffies: mask: 0xffffffff max_cycles: 0xffffffff, max_idle_ns: 1911260446275000 ns
[    0.974216] futex hash table entries: 16384 (order: 8, 1048576 bytes, vmalloc)
[    0.974318] pinctrl core: initialized pinctrl subsystem
[    0.975855] NET: Registered PF_NETLINK/PF_ROUTE protocol family
[    0.976380] DMA: preallocated 4096 KiB GFP_KERNEL pool for atomic allocations
[    0.976769] DMA: preallocated 4096 KiB GFP_KERNEL|GFP_DMA pool for atomic allocations
[    0.977162] DMA: preallocated 4096 KiB GFP_KERNEL|GFP_DMA32 pool for atomic allocations
[    0.977172] audit: initializing netlink subsys (disabled)
[    0.977181] audit: type=2000 audit(1734080487.273:1): state=initialized audit_enabled=0 res=1
[    0.977181] thermal_sys: Registered thermal governor 'fair_share'
[    0.977181] thermal_sys: Registered thermal governor 'bang_bang'
[    0.977181] thermal_sys: Registered thermal governor 'step_wise'
[    0.977181] thermal_sys: Registered thermal governor 'user_space'
[    0.977181] thermal_sys: Registered thermal governor 'power_allocator'
[    0.977181] EISA bus registered
[    0.977181] cpuidle: using governor ladder
[    0.977181] cpuidle: using governor menu
[    0.977181] Invalid PCCT: 0 PCC subspaces
[    0.977181] ACPI FADT declares the system doesn't support PCIe ASPM, so disable it
[    0.977181] acpiphp: ACPI Hot Plug PCI Controller Driver version: 0.5
[    0.977181] PCI: ECAM [mem 0x80000000-0x8fffffff] (base 0x80000000) for domain 0000 [bus 00-ff]
[    0.977181] PCI: Using configuration type 1 for base access
[    0.977181] PCI: HP ProLiant DL380 detected, enabling pci=bfsort.
[    0.977887] kprobes: kprobe jump-optimization is enabled. All kprobes are optimized if possible.
[    0.977911] HugeTLB: registered 1.00 GiB page size, pre-allocated 0 pages
[    0.977911] HugeTLB: 16380 KiB vmemmap can be freed for a 1.00 GiB page
[    0.977911] HugeTLB: registered 2.00 MiB page size, pre-allocated 0 pages
[    0.977911] HugeTLB: 28 KiB vmemmap can be freed for a 2.00 MiB page
[    0.978976] ACPI: Added _OSI(Module Device)
[    0.978978] ACPI: Added _OSI(Processor Device)
[    0.978979] ACPI: Added _OSI(3.0 _SCP Extensions)
[    0.978980] ACPI: Added _OSI(Processor Aggregator Device)
[    0.982577] ACPI: 7 ACPI AML tables successfully acquired and loaded
[    0.983168] ACPI: Dynamic OEM Table Load:
[    0.986986] ACPI: _OSC evaluated successfully for all CPUs
[    0.987203] ACPI: Interpreter enabled
[    0.987211] ACPI: PM: (supports S0 S5)
[    0.987212] ACPI: Using IOAPIC for interrupt routing
[    0.987654] HEST: Table parsing has been initialized.
[    0.987849] GHES: APEI firmware first mode is enabled by APEI bit and WHEA _OSC.
[    0.987851] PCI: Using host bridge windows from ACPI; if necessary, use "pci=nocrs" and report a bug
[    0.987853] PCI: Using E820 reservations for host bridge windows
[    0.988216] ACPI: Enabled 3 GPEs in block 00 to 7F
[    0.994225] ACPI: PCI Root Bridge [UNC0] (domain 0000 [bus 7e])
[    0.994231] acpi PNP0A03:00: _OSC: OS supports [ExtendedConfig ASPM ClockPM Segments MSI EDR HPX-Type3]
[    0.994261] PCI host bridge to bus 0000:7e
[    0.994263] pci_bus 0000:7e: root bus resource [bus 7e]
[    0.994277] pci 0000:7e:00.0: [8086:3450] type 00 class 0x088000 PCIe Root Complex Integrated Endpoint
[    0.994342] pci 0000:7e:00.1: [8086:3451] type 00 class 0x088000 PCIe Root Complex Integrated Endpoint
[    0.994391] pci 0000:7e:00.2: [8086:3452] type 00 class 0x088000 PCIe Root Complex Integrated Endpoint
[    0.994438] pci 0000:7e:00.3: [8086:0998] type 00 class 0x060000 PCIe Root Complex Integrated Endpoint
[    0.994489] pci 0000:7e:00.5: [8086:3455] type 00 class 0x088000 PCIe Root Complex Integrated Endpoint
[    0.994545] pci 0000:7e:02.0: [8086:3440] type 00 class 0x088000 PCIe Root Complex Integrated Endpoint
[    0.994656] pci 0000:7e:02.1: [8086:3441] type 00 class 0x088000 PCIe Root Complex Integrated Endpoint
[    0.994763] pci 0000:7e:02.2: [8086:3442] type 00 class 0x088000 PCIe Root Complex Integrated Endpoint
[    0.994869] pci 0000:7e:03.0: [8086:3440] type 00 class 0x088000 PCIe Root Complex Integrated Endpoint
[    0.994943] pci 0000:7e:03.1: [8086:3441] type 00 class 0x088000 PCIe Root Complex Integrated Endpoint
[    0.995013] pci 0000:7e:03.2: [8086:3442] type 00 class 0x088000 PCIe Root Complex Integrated Endpoint
[    0.995090] pci 0000:7e:04.0: [8086:3440] type 00 class 0x088000 PCIe Root Complex Integrated Endpoint
[    0.995213] pci 0000:7e:04.1: [8086:3441] type 00 class 0x088000 PCIe Root Complex Integrated Endpoint
[    0.995329] pci 0000:7e:04.2: [8086:3442] type 00 class 0x088000 PCIe Root Complex Integrated Endpoint
[    0.995444] pci 0000:7e:04.3: [8086:3443] type 00 class 0x088000 PCIe Root Complex Integrated Endpoint
[    0.995562] pci 0000:7e:05.0: [8086:3445] type 00 class 0x088000 PCIe Root Complex Integrated Endpoint
[    0.995674] pci 0000:7e:05.1: [8086:3446] type 00 class 0x088000 PCIe Root Complex Integrated Endpoint
[    0.995785] pci 0000:7e:05.2: [8086:3447] type 00 class 0x088000 PCIe Root Complex Integrated Endpoint
[    0.995894] pci 0000:7e:06.0: [8086:3445] type 00 class 0x088000 PCIe Root Complex Integrated Endpoint
[    0.995969] pci 0000:7e:06.1: [8086:3446] type 00 class 0x088000 PCIe Root Complex Integrated Endpoint
[    0.996042] pci 0000:7e:06.2: [8086:3447] type 00 class 0x088000 PCIe Root Complex Integrated Endpoint
[    0.996122] pci 0000:7e:07.0: [8086:3445] type 00 class 0x088000 PCIe Root Complex Integrated Endpoint
[    0.996241] pci 0000:7e:07.1: [8086:3446] type 00 class 0x088000 PCIe Root Complex Integrated Endpoint
[    0.996360] pci 0000:7e:07.2: [8086:3447] type 00 class 0x088000 PCIe Root Complex Integrated Endpoint
[    0.996480] pci 0000:7e:0b.0: [8086:3448] type 00 class 0x088000 conventional PCI endpoint
[    0.996535] pci 0000:7e:0b.1: [8086:3448] type 00 class 0x088000 conventional PCI endpoint
[    0.996591] pci 0000:7e:0b.2: [8086:344b] type 00 class 0x088000 conventional PCI endpoint
[    0.996652] pci 0000:7e:0c.0: [8086:344a] type 00 class 0x110100 PCIe Root Complex Integrated Endpoint
[    0.996735] pci 0000:7e:0d.0: [8086:344a] type 00 class 0x110100 PCIe Root Complex Integrated Endpoint
[    0.996815] pci 0000:7e:0e.0: [8086:344a] type 00 class 0x110100 PCIe Root Complex Integrated Endpoint
[    0.996947] pci 0000:7e:0f.0: [8086:344a] type 00 class 0x110100 PCIe Root Complex Integrated Endpoint
[    0.997092] pci 0000:7e:1a.0: [8086:2880] type 00 class 0x110100 PCIe Root Complex Integrated Endpoint
[    0.997176] pci 0000:7e:1b.0: [8086:2880] type 00 class 0x110100 PCIe Root Complex Integrated Endpoint
[    0.997251] pci 0000:7e:1c.0: [8086:2880] type 00 class 0x110100 PCIe Root Complex Integrated Endpoint
[    0.997390] pci 0000:7e:1d.0: [8086:2880] type 00 class 0x110100 PCIe Root Complex Integrated Endpoint
[    0.997530] pci_bus 0000:7e: on NUMA node 0
[    0.997556] ACPI: PCI Root Bridge [UNC1] (domain 0000 [bus 7f])
[    0.997558] acpi PNP0A03:01: _OSC: OS supports [ExtendedConfig ASPM ClockPM Segments MSI EDR HPX-Type3]
[    0.997580] PCI host bridge to bus 0000:7f
[    0.997581] pci_bus 0000:7f: root bus resource [bus 7f]
[    0.997593] pci 0000:7f:00.0: [8086:344c] type 00 class 0x088000 PCIe Root Complex Integrated Endpoint
[    0.997686] pci 0000:7f:00.1: [8086:344c] type 00 class 0x088000 PCIe Root Complex Integrated Endpoint
[    0.997779] pci 0000:7f:00.2: [8086:344c] type 00 class 0x088000 PCIe Root Complex Integrated Endpoint
[    0.997867] pci 0000:7f:00.3: [8086:344c] type 00 class 0x088000 PCIe Root Complex Integrated Endpoint
[    0.997954] pci 0000:7f:00.4: [8086:344c] type 00 class 0x088000 PCIe Root Complex Integrated Endpoint
[    0.998044] pci 0000:7f:00.5: [8086:344c] type 00 class 0x088000 PCIe Root Complex Integrated Endpoint
[    0.998158] pci 0000:7f:00.6: [8086:344c] type 00 class 0x088000 PCIe Root Complex Integrated Endpoint
[    0.998231] pci 0000:7f:00.7: [8086:344c] type 00 class 0x088000 PCIe Root Complex Integrated Endpoint
[    0.998304] pci 0000:7f:01.0: [8086:344c] type 00 class 0x088000 PCIe Root Complex Integrated Endpoint
[    0.998420] pci 0000:7f:01.1: [8086:344c] type 00 class 0x088000 PCIe Root Complex Integrated Endpoint
[    0.998534] pci 0000:7f:01.2: [8086:344c] type 00 class 0x088000 PCIe Root Complex Integrated Endpoint
[    0.998656] pci 0000:7f:01.3: [8086:344c] type 00 class 0x088000 PCIe Root Complex Integrated Endpoint
[    0.998784] pci 0000:7f:01.4: [8086:344c] type 00 class 0x088000 PCIe Root Complex Integrated Endpoint
[    0.998915] pci 0000:7f:01.5: [8086:344c] type 00 class 0x088000 PCIe Root Complex Integrated Endpoint
[    0.999048] pci 0000:7f:01.6: [8086:344c] type 00 class 0x088000 PCIe Root Complex Integrated Endpoint
[    0.999191] pci 0000:7f:01.7: [8086:344c] type 00 class 0x088000 PCIe Root Complex Integrated Endpoint
[    0.999338] pci 0000:7f:02.0: [8086:344c] type 00 class 0x088000 PCIe Root Complex Integrated Endpoint
[    0.999447] pci 0000:7f:02.1: [8086:344c] type 00 class 0x088000 PCIe Root Complex Integrated Endpoint
[    0.999558] pci 0000:7f:02.2: [8086:344c] type 00 class 0x088000 PCIe Root Complex Integrated Endpoint
[    0.999636] pci 0000:7f:02.3: [8086:344c] type 00 class 0x088000 PCIe Root Complex Integrated Endpoint
[    0.999763] pci 0000:7f:02.4: [8086:344c] type 00 class 0x088000 PCIe Root Complex Integrated Endpoint
[    0.999897] pci 0000:7f:02.5: [8086:344c] type 00 class 0x088000 PCIe Root Complex Integrated Endpoint
[    1.000006] pci 0000:7f:02.6: [8086:344c] type 00 class 0x088000 PCIe Root Complex Integrated Endpoint
[    1.000121] pci 0000:7f:02.7: [8086:344c] type 00 class 0x088000 PCIe Root Complex Integrated Endpoint
[    1.000243] pci 0000:7f:03.0: [8086:344c] type 00 class 0x088000 PCIe Root Complex Integrated Endpoint
[    1.000366] pci 0000:7f:03.1: [8086:344c] type 00 class 0x088000 PCIe Root Complex Integrated Endpoint
[    1.000503] pci 0000:7f:03.2: [8086:344c] type 00 class 0x088000 PCIe Root Complex Integrated Endpoint
[    1.000638] pci 0000:7f:03.3: [8086:344c] type 00 class 0x088000 PCIe Root Complex Integrated Endpoint
[    1.000778] pci 0000:7f:0a.0: [8086:344d] type 00 class 0x088000 PCIe Root Complex Integrated Endpoint
[    1.000874] pci 0000:7f:0a.1: [8086:344d] type 00 class 0x088000 PCIe Root Complex Integrated Endpoint
[    1.000970] pci 0000:7f:0a.2: [8086:344d] type 00 class 0x088000 PCIe Root Complex Integrated Endpoint
[    1.001058] pci 0000:7f:0a.3: [8086:344d] type 00 class 0x088000 PCIe Root Complex Integrated Endpoint
[    1.001144] pci 0000:7f:0a.4: [8086:344d] type 00 class 0x088000 PCIe Root Complex Integrated Endpoint
[    1.001231] pci 0000:7f:0a.5: [8086:344d] type 00 class 0x088000 PCIe Root Complex Integrated Endpoint
[    1.001346] pci 0000:7f:0a.6: [8086:344d] type 00 class 0x088000 PCIe Root Complex Integrated Endpoint
[    1.001419] pci 0000:7f:0a.7: [8086:344d] type 00 class 0x088000 PCIe Root Complex Integrated Endpoint
[    1.001491] pci 0000:7f:0b.0: [8086:344d] type 00 class 0x088000 PCIe Root Complex Integrated Endpoint
[    1.001610] pci 0000:7f:0b.1: [8086:344d] type 00 class 0x088000 PCIe Root Complex Integrated Endpoint
[    1.001725] pci 0000:7f:0b.2: [8086:344d] type 00 class 0x088000 PCIe Root Complex Integrated Endpoint
[    1.001848] pci 0000:7f:0b.3: [8086:344d] type 00 class 0x088000 PCIe Root Complex Integrated Endpoint
[    1.001975] pci 0000:7f:0b.4: [8086:344d] type 00 class 0x088000 PCIe Root Complex Integrated Endpoint
[    1.002102] pci 0000:7f:0b.5: [8086:344d] type 00 class 0x088000 PCIe Root Complex Integrated Endpoint
[    1.002237] pci 0000:7f:0b.6: [8086:344d] type 00 class 0x088000 PCIe Root Complex Integrated Endpoint
[    1.002380] pci 0000:7f:0b.7: [8086:344d] type 00 class 0x088000 PCIe Root Complex Integrated Endpoint
[    1.002526] pci 0000:7f:0c.0: [8086:344d] type 00 class 0x088000 PCIe Root Complex Integrated Endpoint
[    1.002641] pci 0000:7f:0c.1: [8086:344d] type 00 class 0x088000 PCIe Root Complex Integrated Endpoint
[    1.002752] pci 0000:7f:0c.2: [8086:344d] type 00 class 0x088000 PCIe Root Complex Integrated Endpoint
[    1.002833] pci 0000:7f:0c.3: [8086:344d] type 00 class 0x088000 PCIe Root Complex Integrated Endpoint
[    1.002961] pci 0000:7f:0c.4: [8086:344d] type 00 class 0x088000 PCIe Root Complex Integrated Endpoint
[    1.003090] pci 0000:7f:0c.5: [8086:344d] type 00 class 0x088000 PCIe Root Complex Integrated Endpoint
[    1.003200] pci 0000:7f:0c.6: [8086:344d] type 00 class 0x088000 PCIe Root Complex Integrated Endpoint
[    1.003317] pci 0000:7f:0c.7: [8086:344d] type 00 class 0x088000 PCIe Root Complex Integrated Endpoint
[    1.003439] pci 0000:7f:0d.0: [8086:344d] type 00 class 0x088000 PCIe Root Complex Integrated Endpoint
[    1.003565] pci 0000:7f:0d.1: [8086:344d] type 00 class 0x088000 PCIe Root Complex Integrated Endpoint
[    1.003702] pci 0000:7f:0d.2: [8086:344d] type 00 class 0x088000 PCIe Root Complex Integrated Endpoint
[    1.003840] pci 0000:7f:0d.3: [8086:344d] type 00 class 0x088000 PCIe Root Complex Integrated Endpoint
[    1.003988] pci 0000:7f:1d.0: [8086:344f] type 00 class 0x088000 PCIe Root Complex Integrated Endpoint
[    1.004089] pci 0000:7f:1d.1: [8086:3457] type 00 class 0x088000 PCIe Root Complex Integrated Endpoint
[    1.004191] pci 0000:7f:1e.0: [8086:3458] type 00 class 0x088000 conventional PCI endpoint
[    1.004248] pci 0000:7f:1e.1: [8086:3459] type 00 class 0x088000 conventional PCI endpoint
[    1.004310] pci 0000:7f:1e.2: [8086:345a] type 00 class 0x088000 conventional PCI endpoint
[    1.004368] pci 0000:7f:1e.3: [8086:345b] type 00 class 0x088000 conventional PCI endpoint
[    1.004425] pci 0000:7f:1e.4: [8086:345c] type 00 class 0x088000 conventional PCI endpoint
[    1.004481] pci 0000:7f:1e.5: [8086:345d] type 00 class 0x088000 conventional PCI endpoint
[    1.004536] pci 0000:7f:1e.6: [8086:345e] type 00 class 0x088000 conventional PCI endpoint
[    1.004592] pci 0000:7f:1e.7: [8086:345f] type 00 class 0x088000 conventional PCI endpoint
[    1.004646] pci_bus 0000:7f: on NUMA node 0
[    1.004675] ACPI: PCI Root Bridge [UNC2] (domain 0000 [bus fe])
[    1.004677] acpi PNP0A03:02: _OSC: OS supports [ExtendedConfig ASPM ClockPM Segments MSI EDR HPX-Type3]
[    1.004699] PCI host bridge to bus 0000:fe
[    1.004700] pci_bus 0000:fe: root bus resource [bus fe]
[    1.004707] pci 0000:fe:00.0: [8086:3450] type 00 class 0x088000 PCIe Root Complex Integrated Endpoint
[    1.004760] pci 0000:fe:00.1: [8086:3451] type 00 class 0x088000 PCIe Root Complex Integrated Endpoint
[    1.004817] pci 0000:fe:00.2: [8086:3452] type 00 class 0x088000 PCIe Root Complex Integrated Endpoint
[    1.004876] pci 0000:fe:00.3: [8086:0998] type 00 class 0x060000 PCIe Root Complex Integrated Endpoint
[    1.004933] pci 0000:fe:00.5: [8086:3455] type 00 class 0x088000 PCIe Root Complex Integrated Endpoint
[    1.004995] pci 0000:fe:02.0: [8086:3440] type 00 class 0x088000 PCIe Root Complex Integrated Endpoint
[    1.005112] pci 0000:fe:02.1: [8086:3441] type 00 class 0x088000 PCIe Root Complex Integrated Endpoint
[    1.005225] pci 0000:fe:02.2: [8086:3442] type 00 class 0x088000 PCIe Root Complex Integrated Endpoint
[    1.005338] pci 0000:fe:03.0: [8086:3440] type 00 class 0x088000 PCIe Root Complex Integrated Endpoint
[    1.005418] pci 0000:fe:03.1: [8086:3441] type 00 class 0x088000 PCIe Root Complex Integrated Endpoint
[    1.005494] pci 0000:fe:03.2: [8086:3442] type 00 class 0x088000 PCIe Root Complex Integrated Endpoint
[    1.005582] pci 0000:fe:04.0: [8086:3440] type 00 class 0x088000 PCIe Root Complex Integrated Endpoint
[    1.005708] pci 0000:fe:04.1: [8086:3441] type 00 class 0x088000 PCIe Root Complex Integrated Endpoint
[    1.005831] pci 0000:fe:04.2: [8086:3442] type 00 class 0x088000 PCIe Root Complex Integrated Endpoint
[    1.005951] pci 0000:fe:04.3: [8086:3443] type 00 class 0x088000 PCIe Root Complex Integrated Endpoint
[    1.006075] pci 0000:fe:05.0: [8086:3445] type 00 class 0x088000 PCIe Root Complex Integrated Endpoint
[    1.006193] pci 0000:fe:05.1: [8086:3446] type 00 class 0x088000 PCIe Root Complex Integrated Endpoint
[    1.006310] pci 0000:fe:05.2: [8086:3447] type 00 class 0x088000 PCIe Root Complex Integrated Endpoint
[    1.006425] pci 0000:fe:06.0: [8086:3445] type 00 class 0x088000 PCIe Root Complex Integrated Endpoint
[    1.006507] pci 0000:fe:06.1: [8086:3446] type 00 class 0x088000 PCIe Root Complex Integrated Endpoint
[    1.006588] pci 0000:fe:06.2: [8086:3447] type 00 class 0x088000 PCIe Root Complex Integrated Endpoint
[    1.006675] pci 0000:fe:07.0: [8086:3445] type 00 class 0x088000 PCIe Root Complex Integrated Endpoint
[    1.006800] pci 0000:fe:07.1: [8086:3446] type 00 class 0x088000 PCIe Root Complex Integrated Endpoint
[    1.006924] pci 0000:fe:07.2: [8086:3447] type 00 class 0x088000 PCIe Root Complex Integrated Endpoint
[    1.007047] pci 0000:fe:0b.0: [8086:3448] type 00 class 0x088000 conventional PCI endpoint
[    1.007106] pci 0000:fe:0b.1: [8086:3448] type 00 class 0x088000 conventional PCI endpoint
[    1.007165] pci 0000:fe:0b.2: [8086:344b] type 00 class 0x088000 conventional PCI endpoint
[    1.007233] pci 0000:fe:0c.0: [8086:344a] type 00 class 0x110100 PCIe Root Complex Integrated Endpoint
[    1.007325] pci 0000:fe:0d.0: [8086:344a] type 00 class 0x110100 PCIe Root Complex Integrated Endpoint
[    1.007410] pci 0000:fe:0e.0: [8086:344a] type 00 class 0x110100 PCIe Root Complex Integrated Endpoint
[    1.007550] pci 0000:fe:0f.0: [8086:344a] type 00 class 0x110100 PCIe Root Complex Integrated Endpoint
[    1.007700] pci 0000:fe:1a.0: [8086:2880] type 00 class 0x110100 PCIe Root Complex Integrated Endpoint
[    1.007788] pci 0000:fe:1b.0: [8086:2880] type 00 class 0x110100 PCIe Root Complex Integrated Endpoint
[    1.007870] pci 0000:fe:1c.0: [8086:2880] type 00 class 0x110100 PCIe Root Complex Integrated Endpoint
[    1.008016] pci 0000:fe:1d.0: [8086:2880] type 00 class 0x110100 PCIe Root Complex Integrated Endpoint
[    1.008160] pci_bus 0000:fe: on NUMA node 1
[    1.008181] ACPI: PCI Root Bridge [UNC3] (domain 0000 [bus ff])
[    1.008183] acpi PNP0A03:03: _OSC: OS supports [ExtendedConfig ASPM ClockPM Segments MSI EDR HPX-Type3]
[    1.008202] PCI host bridge to bus 0000:ff
[    1.008203] pci_bus 0000:ff: root bus resource [bus ff]
[    1.008219] pci 0000:ff:00.0: [8086:344c] type 00 class 0x088000 PCIe Root Complex Integrated Endpoint
[    1.008322] pci 0000:ff:00.1: [8086:344c] type 00 class 0x088000 PCIe Root Complex Integrated Endpoint
[    1.008435] pci 0000:ff:00.2: [8086:344c] type 00 class 0x088000 PCIe Root Complex Integrated Endpoint
[    1.008532] pci 0000:ff:00.3: [8086:344c] type 00 class 0x088000 PCIe Root Complex Integrated Endpoint
[    1.008653] pci 0000:ff:00.4: [8086:344c] type 00 class 0x088000 PCIe Root Complex Integrated Endpoint
[    1.008776] pci 0000:ff:00.5: [8086:344c] type 00 class 0x088000 PCIe Root Complex Integrated Endpoint
[    1.008857] pci 0000:ff:00.6: [8086:344c] type 00 class 0x088000 PCIe Root Complex Integrated Endpoint
[    1.008939] pci 0000:ff:00.7: [8086:344c] type 00 class 0x088000 PCIe Root Complex Integrated Endpoint
[    1.009078] pci 0000:ff:01.0: [8086:344c] type 00 class 0x088000 PCIe Root Complex Integrated Endpoint
[    1.009201] pci 0000:ff:01.1: [8086:344c] type 00 class 0x088000 PCIe Root Complex Integrated Endpoint
[    1.009330] pci 0000:ff:01.2: [8086:344c] type 00 class 0x088000 PCIe Root Complex Integrated Endpoint
[    1.009459] pci 0000:ff:01.3: [8086:344c] type 00 class 0x088000 PCIe Root Complex Integrated Endpoint
[    1.009593] pci 0000:ff:01.4: [8086:344c] type 00 class 0x088000 PCIe Root Complex Integrated Endpoint
[    1.009736] pci 0000:ff:01.5: [8086:344c] type 00 class 0x088000 PCIe Root Complex Integrated Endpoint
[    1.009878] pci 0000:ff:01.6: [8086:344c] type 00 class 0x088000 PCIe Root Complex Integrated Endpoint
[    1.010018] pci 0000:ff:01.7: [8086:344c] type 00 class 0x088000 PCIe Root Complex Integrated Endpoint
[    1.010166] pci 0000:ff:02.0: [8086:344c] type 00 class 0x088000 PCIe Root Complex Integrated Endpoint
[    1.010264] pci 0000:ff:02.1: [8086:344c] type 00 class 0x088000 PCIe Root Complex Integrated Endpoint
[    1.010358] pci 0000:ff:02.2: [8086:344c] type 00 class 0x088000 PCIe Root Complex Integrated Endpoint
[    1.010446] pci 0000:ff:02.3: [8086:344c] type 00 class 0x088000 PCIe Root Complex Integrated Endpoint
[    1.010532] pci 0000:ff:02.4: [8086:344c] type 00 class 0x088000 PCIe Root Complex Integrated Endpoint
[    1.010662] pci 0000:ff:02.5: [8086:344c] type 00 class 0x088000 PCIe Root Complex Integrated Endpoint
[    1.010779] pci 0000:ff:02.6: [8086:344c] type 00 class 0x088000 PCIe Root Complex Integrated Endpoint
[    1.010901] pci 0000:ff:02.7: [8086:344c] type 00 class 0x088000 PCIe Root Complex Integrated Endpoint
[    1.011026] pci 0000:ff:03.0: [8086:344c] type 00 class 0x088000 PCIe Root Complex Integrated Endpoint
[    1.011156] pci 0000:ff:03.1: [8086:344c] type 00 class 0x088000 PCIe Root Complex Integrated Endpoint
[    1.011291] pci 0000:ff:03.2: [8086:344c] type 00 class 0x088000 PCIe Root Complex Integrated Endpoint
[    1.011440] pci 0000:ff:03.3: [8086:344c] type 00 class 0x088000 PCIe Root Complex Integrated Endpoint
[    1.011598] pci 0000:ff:0a.0: [8086:344d] type 00 class 0x088000 PCIe Root Complex Integrated Endpoint
[    1.011701] pci 0000:ff:0a.1: [8086:344d] type 00 class 0x088000 PCIe Root Complex Integrated Endpoint
[    1.011814] pci 0000:ff:0a.2: [8086:344d] type 00 class 0x088000 PCIe Root Complex Integrated Endpoint
[    1.011910] pci 0000:ff:0a.3: [8086:344d] type 00 class 0x088000 PCIe Root Complex Integrated Endpoint
[    1.012037] pci 0000:ff:0a.4: [8086:344d] type 00 class 0x088000 PCIe Root Complex Integrated Endpoint
[    1.012159] pci 0000:ff:0a.5: [8086:344d] type 00 class 0x088000 PCIe Root Complex Integrated Endpoint
[    1.012237] pci 0000:ff:0a.6: [8086:344d] type 00 class 0x088000 PCIe Root Complex Integrated Endpoint
[    1.012319] pci 0000:ff:0a.7: [8086:344d] type 00 class 0x088000 PCIe Root Complex Integrated Endpoint
[    1.012457] pci 0000:ff:0b.0: [8086:344d] type 00 class 0x088000 PCIe Root Complex Integrated Endpoint
[    1.012580] pci 0000:ff:0b.1: [8086:344d] type 00 class 0x088000 PCIe Root Complex Integrated Endpoint
[    1.012707] pci 0000:ff:0b.2: [8086:344d] type 00 class 0x088000 PCIe Root Complex Integrated Endpoint
[    1.012844] pci 0000:ff:0b.3: [8086:344d] type 00 class 0x088000 PCIe Root Complex Integrated Endpoint
[    1.012982] pci 0000:ff:0b.4: [8086:344d] type 00 class 0x088000 PCIe Root Complex Integrated Endpoint
[    1.013124] pci 0000:ff:0b.5: [8086:344d] type 00 class 0x088000 PCIe Root Complex Integrated Endpoint
[    1.013267] pci 0000:ff:0b.6: [8086:344d] type 00 class 0x088000 PCIe Root Complex Integrated Endpoint
[    1.013407] pci 0000:ff:0b.7: [8086:344d] type 00 class 0x088000 PCIe Root Complex Integrated Endpoint
[    1.013551] pci 0000:ff:0c.0: [8086:344d] type 00 class 0x088000 PCIe Root Complex Integrated Endpoint
[    1.013653] pci 0000:ff:0c.1: [8086:344d] type 00 class 0x088000 PCIe Root Complex Integrated Endpoint
[    1.013747] pci 0000:ff:0c.2: [8086:344d] type 00 class 0x088000 PCIe Root Complex Integrated Endpoint
[    1.013835] pci 0000:ff:0c.3: [8086:344d] type 00 class 0x088000 PCIe Root Complex Integrated Endpoint
[    1.013926] pci 0000:ff:0c.4: [8086:344d] type 00 class 0x088000 PCIe Root Complex Integrated Endpoint
[    1.014057] pci 0000:ff:0c.5: [8086:344d] type 00 class 0x088000 PCIe Root Complex Integrated Endpoint
[    1.014173] pci 0000:ff:0c.6: [8086:344d] type 00 class 0x088000 PCIe Root Complex Integrated Endpoint
[    1.014295] pci 0000:ff:0c.7: [8086:344d] type 00 class 0x088000 PCIe Root Complex Integrated Endpoint
[    1.014418] pci 0000:ff:0d.0: [8086:344d] type 00 class 0x088000 PCIe Root Complex Integrated Endpoint
[    1.014547] pci 0000:ff:0d.1: [8086:344d] type 00 class 0x088000 PCIe Root Complex Integrated Endpoint
[    1.014684] pci 0000:ff:0d.2: [8086:344d] type 00 class 0x088000 PCIe Root Complex Integrated Endpoint
[    1.014831] pci 0000:ff:0d.3: [8086:344d] type 00 class 0x088000 PCIe Root Complex Integrated Endpoint
[    1.014999] pci 0000:ff:1d.0: [8086:344f] type 00 class 0x088000 PCIe Root Complex Integrated Endpoint
[    1.015109] pci 0000:ff:1d.1: [8086:3457] type 00 class 0x088000 PCIe Root Complex Integrated Endpoint
[    1.015216] pci 0000:ff:1e.0: [8086:3458] type 00 class 0x088000 conventional PCI endpoint
[    1.015275] pci 0000:ff:1e.1: [8086:3459] type 00 class 0x088000 conventional PCI endpoint
[    1.015334] pci 0000:ff:1e.2: [8086:345a] type 00 class 0x088000 conventional PCI endpoint
[    1.015393] pci 0000:ff:1e.3: [8086:345b] type 00 class 0x088000 conventional PCI endpoint
[    1.015454] pci 0000:ff:1e.4: [8086:345c] type 00 class 0x088000 conventional PCI endpoint
[    1.015512] pci 0000:ff:1e.5: [8086:345d] type 00 class 0x088000 conventional PCI endpoint
[    1.015575] pci 0000:ff:1e.6: [8086:345e] type 00 class 0x088000 conventional PCI endpoint
[    1.015634] pci 0000:ff:1e.7: [8086:345f] type 00 class 0x088000 conventional PCI endpoint
[    1.015690] pci_bus 0000:ff: on NUMA node 1
[    1.016953] ACPI: PCI Root Bridge [PC00] (domain 0000 [bus 00-0d])
[    1.016960] acpi PNP0A08:00: _OSC: OS supports [ExtendedConfig ASPM ClockPM Segments MSI EDR HPX-Type3]
[    1.017013] acpi PNP0A08:00: _OSC: platform does not support [SHPCHotplug AER LTR DPC]
[    1.017100] acpi PNP0A08:00: _OSC: OS now controls [PCIeHotplug PME PCIeCapability]
[    1.017101] acpi PNP0A08:00: FADT indicates ASPM is unsupported, using BIOS configuration
[    1.017723] PCI host bridge to bus 0000:00
[    1.017724] pci_bus 0000:00: root bus resource [io  0x0000-0x03af window]
[    1.017726] pci_bus 0000:00: root bus resource [io  0x03e0-0x0cf7 window]
[    1.017727] pci_bus 0000:00: root bus resource [io  0x03b0-0x03bb window]
[    1.017728] pci_bus 0000:00: root bus resource [io  0x03c0-0x03df window]
[    1.017729] pci_bus 0000:00: root bus resource [mem 0x000a0000-0x000bffff window]
[    1.017730] pci_bus 0000:00: root bus resource [io  0x1000-0x4fff window]
[    1.017731] pci_bus 0000:00: root bus resource [mem 0x90000000-0xa47fbfff window]
[    1.017733] pci_bus 0000:00: root bus resource [mem 0x200000000000-0x20ffffffffff window]
[    1.017734] pci_bus 0000:00: root bus resource [bus 00-0d]
[    1.017748] pci 0000:00:00.0: [8086:09a2] type 00 class 0x088000 PCIe Root Complex Integrated Endpoint
[    1.017830] pci 0000:00:00.1: [8086:09a4] type 00 class 0x088000 PCIe Root Complex Integrated Endpoint
[    1.017893] pci 0000:00:00.2: [8086:09a3] type 00 class 0x088000 PCIe Root Complex Integrated Endpoint
[    1.017954] pci 0000:00:00.4: [8086:0998] type 00 class 0x060000 PCIe Root Complex Integrated Endpoint
[    1.018016] pci 0000:00:01.0: [8086:0b00] type 00 class 0x088000 PCIe Root Complex Integrated Endpoint
[    1.018025] pci 0000:00:01.0: BAR 0 [mem 0x20fffff40000-0x20fffff43fff 64bit]
[    1.018098] pci 0000:00:01.1: [8086:0b00] type 00 class 0x088000 PCIe Root Complex Integrated Endpoint
[    1.018106] pci 0000:00:01.1: BAR 0 [mem 0x20fffff3c000-0x20fffff3ffff 64bit]
[    1.018181] pci 0000:00:01.2: [8086:0b00] type 00 class 0x088000 PCIe Root Complex Integrated Endpoint
[    1.018189] pci 0000:00:01.2: BAR 0 [mem 0x20fffff38000-0x20fffff3bfff 64bit]
[    1.018259] pci 0000:00:01.3: [8086:0b00] type 00 class 0x088000 PCIe Root Complex Integrated Endpoint
[    1.018267] pci 0000:00:01.3: BAR 0 [mem 0x20fffff34000-0x20fffff37fff 64bit]
[    1.018337] pci 0000:00:01.4: [8086:0b00] type 00 class 0x088000 PCIe Root Complex Integrated Endpoint
[    1.018346] pci 0000:00:01.4: BAR 0 [mem 0x20fffff30000-0x20fffff33fff 64bit]
[    1.018415] pci 0000:00:01.5: [8086:0b00] type 00 class 0x088000 PCIe Root Complex Integrated Endpoint
[    1.018423] pci 0000:00:01.5: BAR 0 [mem 0x20fffff2c000-0x20fffff2ffff 64bit]
[    1.018491] pci 0000:00:01.6: [8086:0b00] type 00 class 0x088000 PCIe Root Complex Integrated Endpoint
[    1.018499] pci 0000:00:01.6: BAR 0 [mem 0x20fffff28000-0x20fffff2bfff 64bit]
[    1.018569] pci 0000:00:01.7: [8086:0b00] type 00 class 0x088000 PCIe Root Complex Integrated Endpoint
[    1.018578] pci 0000:00:01.7: BAR 0 [mem 0x20fffff24000-0x20fffff27fff 64bit]
[    1.018645] pci 0000:00:02.0: [8086:09a6] type 00 class 0x088000 conventional PCI endpoint
[    1.018652] pci 0000:00:02.0: BAR 0 [mem 0x99f56000-0x99f57fff]
[    1.018703] pci 0000:00:02.1: [8086:09a7] type 00 class 0x088000 conventional PCI endpoint
[    1.018710] pci 0000:00:02.1: BAR 0 [mem 0x99e80000-0x99efffff]
[    1.018715] pci 0000:00:02.1: BAR 1 [mem 0x99e00000-0x99e7ffff]
[    1.018770] pci 0000:00:02.4: [8086:3456] type 00 class 0x130000 conventional PCI endpoint
[    1.018777] pci 0000:00:02.4: BAR 0 [mem 0x20ffffe00000-0x20ffffefffff 64bit]
[    1.018782] pci 0000:00:02.4: BAR 2 [mem 0x20fffff20000-0x20fffff23fff 64bit]
[    1.018787] pci 0000:00:02.4: BAR 4 [mem 0x20fffff00000-0x20fffff1ffff 64bit]
[    1.018849] pci 0000:00:11.0: [8086:a1ec] type 00 class 0xff0000 conventional PCI endpoint
[    1.018936] pci 0000:00:11.5: [8086:a1d2] type 00 class 0x010601 conventional PCI endpoint
[    1.018948] pci 0000:00:11.5: BAR 0 [mem 0x99f54000-0x99f55fff]
[    1.018955] pci 0000:00:11.5: BAR 1 [mem 0x99f58000-0x99f580ff]
[    1.018962] pci 0000:00:11.5: BAR 2 [io  0x2040-0x2047]
[    1.018969] pci 0000:00:11.5: BAR 3 [io  0x2048-0x204b]
[    1.018975] pci 0000:00:11.5: BAR 4 [io  0x2020-0x203f]
[    1.018982] pci 0000:00:11.5: BAR 5 [mem 0x99d00000-0x99d7ffff]
[    1.019016] pci 0000:00:11.5: PME# supported from D3hot
[    1.019084] pci 0000:00:14.0: [8086:a1af] type 00 class 0x0c0330 conventional PCI endpoint
[    1.019100] pci 0000:00:14.0: BAR 0 [mem 0x99f40000-0x99f4ffff 64bit]
[    1.019159] pci 0000:00:14.0: PME# supported from D3hot D3cold
[    1.019281] pci 0000:00:14.2: [8086:a1b1] type 00 class 0x118000 conventional PCI endpoint
[    1.019298] pci 0000:00:14.2: BAR 0 [mem 0x20fffff47000-0x20fffff47fff 64bit]
[    1.019404] pci 0000:00:1c.0: [8086:a190] type 01 class 0x060400 PCIe Root Port
[    1.019426] pci 0000:00:1c.0: PCI bridge to [bus 02]
[    1.019484] pci 0000:00:1c.0: PME# supported from D0 D3hot D3cold
[    1.019577] pci 0000:00:1c.2: [8086:a192] type 01 class 0x060400 PCIe Root Port
[    1.019598] pci 0000:00:1c.2: PCI bridge to [bus 03]
[    1.019656] pci 0000:00:1c.2: PME# supported from D0 D3hot D3cold
[    1.019725] pci 0000:00:1c.3: [8086:a193] type 01 class 0x060400 PCIe Root Port
[    1.019746] pci 0000:00:1c.3: PCI bridge to [bus 04]
[    1.019803] pci 0000:00:1c.3: PME# supported from D0 D3hot D3cold
[    1.019877] pci 0000:00:1c.4: [8086:a194] type 01 class 0x060400 PCIe Root Port
[    1.019897] pci 0000:00:1c.4: PCI bridge to [bus 01]
[    1.019900] pci 0000:00:1c.4:   bridge window [io  0x1000-0x1fff]
[    1.019902] pci 0000:00:1c.4:   bridge window [mem 0x90000000-0x99bfffff]
[    1.019953] pci 0000:00:1c.4: PME# supported from D0 D3hot D3cold
[    1.020040] pci 0000:00:1c.5: [8086:a195] type 01 class 0x060400 PCIe Root Port
[    1.020060] pci 0000:00:1c.5: PCI bridge to [bus 05]
[    1.020114] pci 0000:00:1c.5: PME# supported from D0 D3hot D3cold
[    1.020183] pci 0000:00:1f.0: [8086:a1cb] type 00 class 0x060100 conventional PCI endpoint
[    1.020312] pci 0000:00:1f.2: [8086:a1a1] type 00 class 0x058000 conventional PCI endpoint
[    1.020324] pci 0000:00:1f.2: BAR 0 [mem 0x99f50000-0x99f53fff]
[    1.020428] pci 0000:00:1c.0: PCI bridge to [bus 02]
[    1.020460] pci 0000:00:1c.2: PCI bridge to [bus 03]
[    1.020491] pci 0000:00:1c.3: PCI bridge to [bus 04]
[    1.020539] pci 0000:01:00.0: [103c:3306] type 00 class 0x088000 PCIe Legacy Endpoint
[    1.020555] pci 0000:01:00.0: BAR 0 [io  0x1200-0x12ff]
[    1.020565] pci 0000:01:00.0: BAR 1 [mem 0x99b9e000-0x99b9e3ff]
[    1.020574] pci 0000:01:00.0: BAR 2 [io  0x1100-0x11ff]
[    1.020583] pci 0000:01:00.0: BAR 3 [mem 0x94000000-0x97ffffff]
[    1.020592] pci 0000:01:00.0: BAR 4 [mem 0x99800000-0x999fffff]
[    1.020731] pci 0000:01:00.1: [102b:0538] type 00 class 0x030000 PCIe Legacy Endpoint
[    1.020748] pci 0000:01:00.1: BAR 0 [mem 0x98000000-0x98ffffff pref]
[    1.020757] pci 0000:01:00.1: BAR 1 [mem 0x99b98000-0x99b9bfff]
[    1.020766] pci 0000:01:00.1: BAR 2 [mem 0x99000000-0x997fffff]
[    1.020819] pci 0000:01:00.1: Video device with shadowed ROM at [mem 0x000c0000-0x000dffff]
[    1.020923] pci 0000:01:00.2: [103c:3307] type 00 class 0x088000 PCIe Legacy Endpoint
[    1.020939] pci 0000:01:00.2: BAR 0 [io  0x1000-0x10ff]
[    1.020948] pci 0000:01:00.2: BAR 1 [mem 0x99b9d000-0x99b9d0ff]
[    1.020957] pci 0000:01:00.2: BAR 2 [mem 0x99a00000-0x99afffff]
[    1.020966] pci 0000:01:00.2: BAR 3 [mem 0x99b00000-0x99b7ffff]
[    1.020976] pci 0000:01:00.2: BAR 4 [mem 0x99b90000-0x99b97fff]
[    1.020985] pci 0000:01:00.2: BAR 5 [mem 0x99b80000-0x99b8ffff]
[    1.020994] pci 0000:01:00.2: ROM [mem 0x00000000-0x0003ffff pref]
[    1.021047] pci 0000:01:00.2: PME# supported from D0 D3hot D3cold
[    1.021113] pci 0000:01:00.4: [103c:22f6] type 00 class 0x0c0320 PCIe Legacy Endpoint
[    1.021130] pci 0000:01:00.4: BAR 0 [mem 0x99b9c000-0x99b9c0ff]
[    1.021285] pci 0000:00:1c.4: PCI bridge to [bus 01]
[    1.021317] pci 0000:00:1c.5: PCI bridge to [bus 05]
[    1.021342] pci_bus 0000:00: on NUMA node 0
[    1.021476] ACPI: PCI: Interrupt link LNKA configured for IRQ 11
[    1.021514] ACPI: PCI: Interrupt link LNKB configured for IRQ 10
[    1.021551] ACPI: PCI: Interrupt link LNKC configured for IRQ 11
[    1.021587] ACPI: PCI: Interrupt link LNKD configured for IRQ 11
[    1.021623] ACPI: PCI: Interrupt link LNKE configured for IRQ 11
[    1.021658] ACPI: PCI: Interrupt link LNKF configured for IRQ 11
[    1.021694] ACPI: PCI: Interrupt link LNKG configured for IRQ 11
[    1.021730] ACPI: PCI: Interrupt link LNKH configured for IRQ 11
[    1.021909] ACPI: PCI Root Bridge [PC01] (domain 0000 [bus 0e-29])
[    1.021915] acpi PNP0A08:01: _OSC: OS supports [ExtendedConfig ASPM ClockPM Segments MSI EDR HPX-Type3]
[    1.021964] acpi PNP0A08:01: _OSC: platform does not support [SHPCHotplug AER LTR DPC]
[    1.022044] acpi PNP0A08:01: _OSC: OS now controls [PCIeHotplug PME PCIeCapability]
[    1.022046] acpi PNP0A08:01: FADT indicates ASPM is unsupported, using BIOS configuration
[    1.022091] PCI host bridge to bus 0000:0e
[    1.022092] pci_bus 0000:0e: root bus resource [io  0x5000-0x6fff window]
[    1.022094] pci_bus 0000:0e: root bus resource [mem 0xa4800000-0xae3fbfff window]
[    1.022095] pci_bus 0000:0e: root bus resource [mem 0x210000000000-0x21ffffffffff window]
[    1.022097] pci_bus 0000:0e: root bus resource [bus 0e-29]
[    1.022110] pci 0000:0e:00.0: [8086:09a2] type 00 class 0x088000 PCIe Root Complex Integrated Endpoint
[    1.022171] pci 0000:0e:00.1: [8086:09a4] type 00 class 0x088000 PCIe Root Complex Integrated Endpoint
[    1.022230] pci 0000:0e:00.2: [8086:09a3] type 00 class 0x088000 PCIe Root Complex Integrated Endpoint
[    1.022290] pci 0000:0e:00.4: [8086:0998] type 00 class 0x060000 PCIe Root Complex Integrated Endpoint
[    1.022351] pci 0000:0e:02.0: [8086:347a] type 01 class 0x060400 PCIe Root Port
[    1.022360] pci 0000:0e:02.0: BAR 0 [mem 0x21fffff20000-0x21fffff3ffff 64bit]
[    1.022365] pci 0000:0e:02.0: PCI bridge to [bus 0f]
[    1.022375] pci 0000:0e:02.0: enabling Extended Tags
[    1.022405] pci 0000:0e:02.0: PME# supported from D0 D3hot D3cold
[    1.022490] pci 0000:0e:04.0: [8086:347c] type 01 class 0x060400 PCIe Root Port
[    1.022498] pci 0000:0e:04.0: BAR 0 [mem 0x21fffff00000-0x21fffff1ffff 64bit]
[    1.022503] pci 0000:0e:04.0: PCI bridge to [bus 10]
[    1.022513] pci 0000:0e:04.0: enabling Extended Tags
[    1.022542] pci 0000:0e:04.0: PME# supported from D0 D3hot D3cold
[    1.022639] pci 0000:0e:02.0: PCI bridge to [bus 0f]
[    1.022662] pci 0000:0e:04.0: PCI bridge to [bus 10]
[    1.022672] pci_bus 0000:0e: on NUMA node 0
[    1.022697] ACPI: PCI Root Bridge [PC02] (domain 0000 [bus 2a-45])
[    1.022702] acpi PNP0A08:02: _OSC: OS supports [ExtendedConfig ASPM ClockPM Segments MSI EDR HPX-Type3]
[    1.022749] acpi PNP0A08:02: _OSC: platform does not support [SHPCHotplug AER LTR DPC]
[    1.022831] acpi PNP0A08:02: _OSC: OS now controls [PCIeHotplug PME PCIeCapability]
[    1.022832] acpi PNP0A08:02: FADT indicates ASPM is unsupported, using BIOS configuration
[    1.022876] PCI host bridge to bus 0000:2a
[    1.022877] pci_bus 0000:2a: root bus resource [io  0x7000-0x8fff window]
[    1.022878] pci_bus 0000:2a: root bus resource [mem 0xae400000-0xb7ffbfff window]
[    1.022879] pci_bus 0000:2a: root bus resource [mem 0x220000000000-0x22ffffffffff window]
[    1.022880] pci_bus 0000:2a: root bus resource [bus 2a-45]
[    1.022889] pci 0000:2a:00.0: [8086:09a2] type 00 class 0x088000 PCIe Root Complex Integrated Endpoint
[    1.022948] pci 0000:2a:00.1: [8086:09a4] type 00 class 0x088000 PCIe Root Complex Integrated Endpoint
[    1.023009] pci 0000:2a:00.2: [8086:09a3] type 00 class 0x088000 PCIe Root Complex Integrated Endpoint
[    1.023068] pci 0000:2a:00.4: [8086:0998] type 00 class 0x060000 PCIe Root Complex Integrated Endpoint
[    1.023128] pci 0000:2a:02.0: [8086:347a] type 01 class 0x060400 PCIe Root Port
[    1.023137] pci 0000:2a:02.0: BAR 0 [mem 0x22fffff00000-0x22fffff1ffff 64bit]
[    1.023142] pci 0000:2a:02.0: PCI bridge to [bus 2b]
[    1.023152] pci 0000:2a:02.0: enabling Extended Tags
[    1.023181] pci 0000:2a:02.0: PME# supported from D0 D3hot D3cold
[    1.023277] pci 0000:2a:02.0: PCI bridge to [bus 2b]
[    1.023285] pci_bus 0000:2a: on NUMA node 0
[    1.023308] ACPI: PCI Root Bridge [PC04] (domain 0000 [bus 46-61])
[    1.023313] acpi PNP0A08:03: _OSC: OS supports [ExtendedConfig ASPM ClockPM Segments MSI EDR HPX-Type3]
[    1.023359] acpi PNP0A08:03: _OSC: platform does not support [SHPCHotplug AER LTR DPC]
[    1.023439] acpi PNP0A08:03: _OSC: OS now controls [PCIeHotplug PME PCIeCapability]
[    1.023440] acpi PNP0A08:03: FADT indicates ASPM is unsupported, using BIOS configuration
[    1.023494] PCI host bridge to bus 0000:46
[    1.023495] pci_bus 0000:46: root bus resource [io  0x9000-0xafff window]
[    1.023496] pci_bus 0000:46: root bus resource [mem 0xb8000000-0xc1bfbfff window]
[    1.023497] pci_bus 0000:46: root bus resource [mem 0x230000000000-0x23ffffffffff window]
[    1.023498] pci_bus 0000:46: root bus resource [bus 46-61]
[    1.023506] pci 0000:46:00.0: [8086:09a2] type 00 class 0x088000 PCIe Root Complex Integrated Endpoint
[    1.023565] pci 0000:46:00.1: [8086:09a4] type 00 class 0x088000 PCIe Root Complex Integrated Endpoint
[    1.023624] pci 0000:46:00.2: [8086:09a3] type 00 class 0x088000 PCIe Root Complex Integrated Endpoint
[    1.023682] pci 0000:46:00.4: [8086:0998] type 00 class 0x060000 PCIe Root Complex Integrated Endpoint
[    1.023743] pci 0000:46:02.0: [8086:347a] type 01 class 0x060400 PCIe Root Port
[    1.023751] pci 0000:46:02.0: BAR 0 [mem 0x23fffff20000-0x23fffff3ffff 64bit]
[    1.023756] pci 0000:46:02.0: PCI bridge to [bus 47]
[    1.023758] pci 0000:46:02.0:   bridge window [io  0xa000-0xafff]
[    1.023760] pci 0000:46:02.0:   bridge window [mem 0xb8700000-0xb87fffff]
[    1.023764] pci 0000:46:02.0:   bridge window [mem 0xb8000000-0xb81fffff 64bit pref]
[    1.023795] pci 0000:46:02.0: PME# supported from D0 D3hot D3cold
[    1.023878] pci 0000:46:04.0: [8086:347c] type 01 class 0x060400 PCIe Root Port
[    1.023886] pci 0000:46:04.0: BAR 0 [mem 0x23fffff00000-0x23fffff1ffff 64bit]
[    1.023891] pci 0000:46:04.0: PCI bridge to [bus 48]
[    1.023893] pci 0000:46:04.0:   bridge window [io  0x9000-0x9fff]
[    1.023895] pci 0000:46:04.0:   bridge window [mem 0xb8200000-0xb86fffff]
[    1.023899] pci 0000:46:04.0:   bridge window [mem 0x23ffffe00000-0x23ffffefffff 64bit pref]
[    1.023904] pci 0000:46:04.0: enabling Extended Tags
[    1.023931] pci 0000:46:04.0: PME# supported from D0 D3hot D3cold
[    1.024180] pci 0000:47:00.0: [1000:10e2] type 00 class 0x010400 PCIe Endpoint
[    1.024192] pci 0000:47:00.0: BAR 0 [mem 0xb8000000-0xb80fffff 64bit pref]
[    1.024199] pci 0000:47:00.0: BAR 2 [mem 0xb8100000-0xb81fffff 64bit pref]
[    1.024205] pci 0000:47:00.0: BAR 4 [mem 0xb8700000-0xb87fffff]
[    1.024210] pci 0000:47:00.0: BAR 5 [io  0xa000-0xa0ff]
[    1.024215] pci 0000:47:00.0: ROM [mem 0x00000000-0x000fffff pref]
[    1.024268] pci 0000:47:00.0: supports D1 D2
[    1.024372] pci 0000:46:02.0: PCI bridge to [bus 47]
[    1.024449] pci 0000:48:00.0: [8086:1521] type 00 class 0x020000 PCIe Endpoint
[    1.024461] pci 0000:48:00.0: BAR 0 [mem 0xb8500000-0xb85fffff]
[    1.024473] pci 0000:48:00.0: BAR 2 [io  0x9060-0x907f]
[    1.024480] pci 0000:48:00.0: BAR 3 [mem 0xb860c000-0xb860ffff]
[    1.024498] pci 0000:48:00.0: ROM [mem 0x00000000-0x0007ffff pref]
[    1.024563] pci 0000:48:00.0: PME# supported from D0 D3hot D3cold
[    1.024588] pci 0000:48:00.0: VF BAR 0 [mem 0x23ffffee0000-0x23ffffee3fff 64bit pref]
[    1.024589] pci 0000:48:00.0: VF BAR 0 [mem 0x23ffffee0000-0x23ffffefffff 64bit pref]: contains BAR 0 for 8 VFs
[    1.024604] pci 0000:48:00.0: VF BAR 3 [mem 0x23ffffec0000-0x23ffffec3fff 64bit pref]
[    1.024605] pci 0000:48:00.0: VF BAR 3 [mem 0x23ffffec0000-0x23ffffedffff 64bit pref]: contains BAR 3 for 8 VFs
[    1.024761] pci 0000:48:00.1: [8086:1521] type 00 class 0x020000 PCIe Endpoint
[    1.024773] pci 0000:48:00.1: BAR 0 [mem 0xb8400000-0xb84fffff]
[    1.024785] pci 0000:48:00.1: BAR 2 [io  0x9040-0x905f]
[    1.024792] pci 0000:48:00.1: BAR 3 [mem 0xb8608000-0xb860bfff]
[    1.024810] pci 0000:48:00.1: ROM [mem 0x00000000-0x0007ffff pref]
[    1.024873] pci 0000:48:00.1: PME# supported from D0 D3hot D3cold
[    1.024895] pci 0000:48:00.1: VF BAR 0 [mem 0x23ffffea0000-0x23ffffea3fff 64bit pref]
[    1.024896] pci 0000:48:00.1: VF BAR 0 [mem 0x23ffffea0000-0x23ffffebffff 64bit pref]: contains BAR 0 for 8 VFs
[    1.024910] pci 0000:48:00.1: VF BAR 3 [mem 0x23ffffe80000-0x23ffffe83fff 64bit pref]
[    1.024911] pci 0000:48:00.1: VF BAR 3 [mem 0x23ffffe80000-0x23ffffe9ffff 64bit pref]: contains BAR 3 for 8 VFs
[    1.025051] pci 0000:48:00.2: [8086:1521] type 00 class 0x020000 PCIe Endpoint
[    1.025062] pci 0000:48:00.2: BAR 0 [mem 0xb8300000-0xb83fffff]
[    1.025075] pci 0000:48:00.2: BAR 2 [io  0x9020-0x903f]
[    1.025081] pci 0000:48:00.2: BAR 3 [mem 0xb8604000-0xb8607fff]
[    1.025099] pci 0000:48:00.2: ROM [mem 0x00000000-0x0007ffff pref]
[    1.025160] pci 0000:48:00.2: PME# supported from D0 D3hot D3cold
[    1.025183] pci 0000:48:00.2: VF BAR 0 [mem 0x23ffffe60000-0x23ffffe63fff 64bit pref]
[    1.025184] pci 0000:48:00.2: VF BAR 0 [mem 0x23ffffe60000-0x23ffffe7ffff 64bit pref]: contains BAR 0 for 8 VFs
[    1.025198] pci 0000:48:00.2: VF BAR 3 [mem 0x23ffffe40000-0x23ffffe43fff 64bit pref]
[    1.025199] pci 0000:48:00.2: VF BAR 3 [mem 0x23ffffe40000-0x23ffffe5ffff 64bit pref]: contains BAR 3 for 8 VFs
[    1.025337] pci 0000:48:00.3: [8086:1521] type 00 class 0x020000 PCIe Endpoint
[    1.025349] pci 0000:48:00.3: BAR 0 [mem 0xb8200000-0xb82fffff]
[    1.025361] pci 0000:48:00.3: BAR 2 [io  0x9000-0x901f]
[    1.025368] pci 0000:48:00.3: BAR 3 [mem 0xb8600000-0xb8603fff]
[    1.025385] pci 0000:48:00.3: ROM [mem 0x00000000-0x0007ffff pref]
[    1.025446] pci 0000:48:00.3: PME# supported from D0 D3hot D3cold
[    1.025469] pci 0000:48:00.3: VF BAR 0 [mem 0x23ffffe20000-0x23ffffe23fff 64bit pref]
[    1.025470] pci 0000:48:00.3: VF BAR 0 [mem 0x23ffffe20000-0x23ffffe3ffff 64bit pref]: contains BAR 0 for 8 VFs
[    1.025484] pci 0000:48:00.3: VF BAR 3 [mem 0x23ffffe00000-0x23ffffe03fff 64bit pref]
[    1.025485] pci 0000:48:00.3: VF BAR 3 [mem 0x23ffffe00000-0x23ffffe1ffff 64bit pref]: contains BAR 3 for 8 VFs
[    1.025607] pci 0000:46:04.0: PCI bridge to [bus 48]
[    1.025617] pci_bus 0000:46: on NUMA node 0
[    1.025660] ACPI: PCI Root Bridge [PC05] (domain 0000 [bus 62-7d])
[    1.025665] acpi PNP0A08:04: _OSC: OS supports [ExtendedConfig ASPM ClockPM Segments MSI EDR HPX-Type3]
[    1.025711] acpi PNP0A08:04: _OSC: platform does not support [SHPCHotplug AER LTR DPC]
[    1.025792] acpi PNP0A08:04: _OSC: OS now controls [PCIeHotplug PME PCIeCapability]
[    1.025793] acpi PNP0A08:04: FADT indicates ASPM is unsupported, using BIOS configuration
[    1.025836] PCI host bridge to bus 0000:62
[    1.025837] pci_bus 0000:62: root bus resource [io  0xb000-0xbfff window]
[    1.025838] pci_bus 0000:62: root bus resource [mem 0xc1c00000-0xcaffbfff window]
[    1.025839] pci_bus 0000:62: root bus resource [mem 0x240000000000-0x24ffffffffff window]
[    1.025840] pci_bus 0000:62: root bus resource [bus 62-7d]
[    1.025849] pci 0000:62:00.0: [8086:09a2] type 00 class 0x088000 PCIe Root Complex Integrated Endpoint
[    1.025911] pci 0000:62:00.1: [8086:09a4] type 00 class 0x088000 PCIe Root Complex Integrated Endpoint
[    1.025975] pci 0000:62:00.2: [8086:09a3] type 00 class 0x088000 PCIe Root Complex Integrated Endpoint
[    1.026035] pci 0000:62:00.4: [8086:0998] type 00 class 0x060000 PCIe Root Complex Integrated Endpoint
[    1.026098] pci 0000:62:02.0: [8086:347a] type 01 class 0x060400 PCIe Root Port
[    1.026106] pci 0000:62:02.0: BAR 0 [mem 0x24fffff60000-0x24fffff7ffff 64bit]
[    1.026111] pci 0000:62:02.0: PCI bridge to [bus 63]
[    1.026122] pci 0000:62:02.0: enabling Extended Tags
[    1.026152] pci 0000:62:02.0: PME# supported from D0 D3hot D3cold
[    1.026227] pci 0000:62:03.0: [8086:347b] type 01 class 0x060400 PCIe Root Port
[    1.026236] pci 0000:62:03.0: BAR 0 [mem 0x24fffff40000-0x24fffff5ffff 64bit]
[    1.026241] pci 0000:62:03.0: PCI bridge to [bus 64]
[    1.026251] pci 0000:62:03.0: enabling Extended Tags
[    1.026282] pci 0000:62:03.0: PME# supported from D0 D3hot D3cold
[    1.026352] pci 0000:62:04.0: [8086:347c] type 01 class 0x060400 PCIe Root Port
[    1.026361] pci 0000:62:04.0: BAR 0 [mem 0x24fffff20000-0x24fffff3ffff 64bit]
[    1.026365] pci 0000:62:04.0: PCI bridge to [bus 65]
[    1.026376] pci 0000:62:04.0: enabling Extended Tags
[    1.026406] pci 0000:62:04.0: PME# supported from D0 D3hot D3cold
[    1.026476] pci 0000:62:05.0: [8086:347d] type 01 class 0x060400 PCIe Root Port
[    1.026485] pci 0000:62:05.0: BAR 0 [mem 0x24fffff00000-0x24fffff1ffff 64bit]
[    1.026490] pci 0000:62:05.0: PCI bridge to [bus 66]
[    1.026500] pci 0000:62:05.0: enabling Extended Tags
[    1.026530] pci 0000:62:05.0: PME# supported from D0 D3hot D3cold
[    1.026620] pci 0000:62:02.0: PCI bridge to [bus 63]
[    1.026643] pci 0000:62:03.0: PCI bridge to [bus 64]
[    1.026665] pci 0000:62:04.0: PCI bridge to [bus 65]
[    1.026687] pci 0000:62:05.0: PCI bridge to [bus 66]
[    1.026705] pci_bus 0000:62: on NUMA node 0
[    1.026729] ACPI: PCI Root Bridge [PC06] (domain 0000 [bus 80-82])
[    1.026734] acpi PNP0A08:05: _OSC: OS supports [ExtendedConfig ASPM ClockPM Segments MSI EDR HPX-Type3]
[    1.026779] acpi PNP0A08:05: _OSC: platform does not support [SHPCHotplug AER LTR DPC]
[    1.026862] acpi PNP0A08:05: _OSC: OS now controls [PCIeHotplug PME PCIeCapability]
[    1.026863] acpi PNP0A08:05: FADT indicates ASPM is unsupported, using BIOS configuration
[    1.026892] PCI host bridge to bus 0000:80
[    1.026892] pci_bus 0000:80: root bus resource [mem 0xcb800000-0xd4ffbfff window]
[    1.026894] pci_bus 0000:80: root bus resource [mem 0x250000000000-0x25ffffffffff window]
[    1.026895] pci_bus 0000:80: root bus resource [bus 80-82]
[    1.026904] pci 0000:80:00.0: [8086:09a2] type 00 class 0x088000 PCIe Root Complex Integrated Endpoint
[    1.026971] pci 0000:80:00.1: [8086:09a4] type 00 class 0x088000 PCIe Root Complex Integrated Endpoint
[    1.027040] pci 0000:80:00.2: [8086:09a3] type 00 class 0x088000 PCIe Root Complex Integrated Endpoint
[    1.027105] pci 0000:80:00.4: [8086:0998] type 00 class 0x060000 PCIe Root Complex Integrated Endpoint
[    1.027172] pci 0000:80:01.0: [8086:0b00] type 00 class 0x088000 PCIe Root Complex Integrated Endpoint
[    1.027181] pci 0000:80:01.0: BAR 0 [mem 0x25fffff40000-0x25fffff43fff 64bit]
[    1.027260] pci 0000:80:01.1: [8086:0b00] type 00 class 0x088000 PCIe Root Complex Integrated Endpoint
[    1.027270] pci 0000:80:01.1: BAR 0 [mem 0x25fffff3c000-0x25fffff3ffff 64bit]
[    1.027350] pci 0000:80:01.2: [8086:0b00] type 00 class 0x088000 PCIe Root Complex Integrated Endpoint
[    1.027359] pci 0000:80:01.2: BAR 0 [mem 0x25fffff38000-0x25fffff3bfff 64bit]
[    1.027436] pci 0000:80:01.3: [8086:0b00] type 00 class 0x088000 PCIe Root Complex Integrated Endpoint
[    1.027446] pci 0000:80:01.3: BAR 0 [mem 0x25fffff34000-0x25fffff37fff 64bit]
[    1.027522] pci 0000:80:01.4: [8086:0b00] type 00 class 0x088000 PCIe Root Complex Integrated Endpoint
[    1.027531] pci 0000:80:01.4: BAR 0 [mem 0x25fffff30000-0x25fffff33fff 64bit]
[    1.027606] pci 0000:80:01.5: [8086:0b00] type 00 class 0x088000 PCIe Root Complex Integrated Endpoint
[    1.027616] pci 0000:80:01.5: BAR 0 [mem 0x25fffff2c000-0x25fffff2ffff 64bit]
[    1.027695] pci 0000:80:01.6: [8086:0b00] type 00 class 0x088000 PCIe Root Complex Integrated Endpoint
[    1.027705] pci 0000:80:01.6: BAR 0 [mem 0x25fffff28000-0x25fffff2bfff 64bit]
[    1.027781] pci 0000:80:01.7: [8086:0b00] type 00 class 0x088000 PCIe Root Complex Integrated Endpoint
[    1.027790] pci 0000:80:01.7: BAR 0 [mem 0x25fffff24000-0x25fffff27fff 64bit]
[    1.027867] pci 0000:80:02.0: [8086:09a6] type 00 class 0x088000 conventional PCI endpoint
[    1.027875] pci 0000:80:02.0: BAR 0 [mem 0xcb980000-0xcb981fff]
[    1.027929] pci 0000:80:02.1: [8086:09a7] type 00 class 0x088000 conventional PCI endpoint
[    1.027937] pci 0000:80:02.1: BAR 0 [mem 0xcb900000-0xcb97ffff]
[    1.027942] pci 0000:80:02.1: BAR 1 [mem 0xcb880000-0xcb8fffff]
[    1.027991] pci 0000:80:02.4: [8086:3456] type 00 class 0x130000 conventional PCI endpoint
[    1.028000] pci 0000:80:02.4: BAR 0 [mem 0x25ffffe00000-0x25ffffefffff 64bit]
[    1.028006] pci 0000:80:02.4: BAR 2 [mem 0x25fffff20000-0x25fffff23fff 64bit]
[    1.028011] pci 0000:80:02.4: BAR 4 [mem 0x25fffff00000-0x25fffff1ffff 64bit]
[    1.028056] pci_bus 0000:80: on NUMA node 1
[    1.028079] ACPI: PCI Root Bridge [PC07] (domain 0000 [bus 83-a0])
[    1.028084] acpi PNP0A08:06: _OSC: OS supports [ExtendedConfig ASPM ClockPM Segments MSI EDR HPX-Type3]
[    1.028129] acpi PNP0A08:06: _OSC: platform does not support [SHPCHotplug AER LTR DPC]
[    1.028208] acpi PNP0A08:06: _OSC: OS now controls [PCIeHotplug PME PCIeCapability]
[    1.028209] acpi PNP0A08:06: FADT indicates ASPM is unsupported, using BIOS configuration
[    1.028238] PCI host bridge to bus 0000:83
[    1.028239] pci_bus 0000:83: root bus resource [io  0xc000-0xcfff window]
[    1.028240] pci_bus 0000:83: root bus resource [mem 0xd5000000-0xdebfbfff window]
[    1.028241] pci_bus 0000:83: root bus resource [mem 0x260000000000-0x26ffffffffff window]
[    1.028243] pci_bus 0000:83: root bus resource [bus 83-a0]
[    1.028251] pci 0000:83:00.0: [8086:09a2] type 00 class 0x088000 PCIe Root Complex Integrated Endpoint
[    1.028317] pci 0000:83:00.1: [8086:09a4] type 00 class 0x088000 PCIe Root Complex Integrated Endpoint
[    1.028382] pci 0000:83:00.2: [8086:09a3] type 00 class 0x088000 PCIe Root Complex Integrated Endpoint
[    1.028450] pci 0000:83:00.4: [8086:0998] type 00 class 0x060000 PCIe Root Complex Integrated Endpoint
[    1.028518] pci 0000:83:02.0: [8086:347a] type 01 class 0x060400 PCIe Root Port
[    1.028528] pci 0000:83:02.0: BAR 0 [mem 0x26fffff00000-0x26fffff1ffff 64bit]
[    1.028533] pci 0000:83:02.0: PCI bridge to [bus 84]
[    1.028544] pci 0000:83:02.0: enabling Extended Tags
[    1.028579] pci 0000:83:02.0: PME# supported from D0 D3hot D3cold
[    1.028682] pci 0000:83:02.0: PCI bridge to [bus 84]
[    1.028691] pci_bus 0000:83: on NUMA node 1
[    1.028714] ACPI: PCI Root Bridge [PC08] (domain 0000 [bus a1-be])
[    1.028719] acpi PNP0A08:07: _OSC: OS supports [ExtendedConfig ASPM ClockPM Segments MSI EDR HPX-Type3]
[    1.028764] acpi PNP0A08:07: _OSC: platform does not support [SHPCHotplug AER LTR DPC]
[    1.028847] acpi PNP0A08:07: _OSC: OS now controls [PCIeHotplug PME PCIeCapability]
[    1.028848] acpi PNP0A08:07: FADT indicates ASPM is unsupported, using BIOS configuration
[    1.028878] PCI host bridge to bus 0000:a1
[    1.028879] pci_bus 0000:a1: root bus resource [io  0xd000-0xdfff window]
[    1.028880] pci_bus 0000:a1: root bus resource [mem 0xdec00000-0xe87fbfff window]
[    1.028881] pci_bus 0000:a1: root bus resource [mem 0x270000000000-0x27ffffffffff window]
[    1.028882] pci_bus 0000:a1: root bus resource [bus a1-be]
[    1.028891] pci 0000:a1:00.0: [8086:09a2] type 00 class 0x088000 PCIe Root Complex Integrated Endpoint
[    1.028956] pci 0000:a1:00.1: [8086:09a4] type 00 class 0x088000 PCIe Root Complex Integrated Endpoint
[    1.029020] pci 0000:a1:00.2: [8086:09a3] type 00 class 0x088000 PCIe Root Complex Integrated Endpoint
[    1.029085] pci 0000:a1:00.4: [8086:0998] type 00 class 0x060000 PCIe Root Complex Integrated Endpoint
[    1.029153] pci 0000:a1:02.0: [8086:347a] type 01 class 0x060400 PCIe Root Port
[    1.029162] pci 0000:a1:02.0: BAR 0 [mem 0x27fffff00000-0x27fffff1ffff 64bit]
[    1.029167] pci 0000:a1:02.0: PCI bridge to [bus a2]
[    1.029179] pci 0000:a1:02.0: enabling Extended Tags
[    1.029213] pci 0000:a1:02.0: PME# supported from D0 D3hot D3cold
[    1.029320] pci 0000:a1:02.0: PCI bridge to [bus a2]
[    1.029328] pci_bus 0000:a1: on NUMA node 1
[    1.029349] ACPI: PCI Root Bridge [PC10] (domain 0000 [bus bf-dc])
[    1.029353] acpi PNP0A08:08: _OSC: OS supports [ExtendedConfig ASPM ClockPM Segments MSI EDR HPX-Type3]
[    1.029399] acpi PNP0A08:08: _OSC: platform does not support [SHPCHotplug AER LTR DPC]
[    1.029480] acpi PNP0A08:08: _OSC: OS now controls [PCIeHotplug PME PCIeCapability]
[    1.029481] acpi PNP0A08:08: FADT indicates ASPM is unsupported, using BIOS configuration
[    1.029508] PCI host bridge to bus 0000:bf
[    1.029509] pci_bus 0000:bf: root bus resource [io  0xe000-0xefff window]
[    1.029510] pci_bus 0000:bf: root bus resource [mem 0xe8800000-0xf23fbfff window]
[    1.029511] pci_bus 0000:bf: root bus resource [mem 0x280000000000-0x28ffffffffff window]
[    1.029513] pci_bus 0000:bf: root bus resource [bus bf-dc]
[    1.029521] pci 0000:bf:00.0: [8086:09a2] type 00 class 0x088000 PCIe Root Complex Integrated Endpoint
[    1.029592] pci 0000:bf:00.1: [8086:09a4] type 00 class 0x088000 PCIe Root Complex Integrated Endpoint
[    1.029658] pci 0000:bf:00.2: [8086:09a3] type 00 class 0x088000 PCIe Root Complex Integrated Endpoint
[    1.029728] pci 0000:bf:00.4: [8086:0998] type 00 class 0x060000 PCIe Root Complex Integrated Endpoint
[    1.029795] pci 0000:bf:02.0: [8086:347a] type 01 class 0x060400 PCIe Root Port
[    1.029805] pci 0000:bf:02.0: BAR 0 [mem 0x28fffff00000-0x28fffff1ffff 64bit]
[    1.029810] pci 0000:bf:02.0: PCI bridge to [bus c0]
[    1.029822] pci 0000:bf:02.0: enabling Extended Tags
[    1.029858] pci 0000:bf:02.0: PME# supported from D0 D3hot D3cold
[    1.029960] pci 0000:bf:02.0: PCI bridge to [bus c0]
[    1.029969] pci_bus 0000:bf: on NUMA node 1
[    1.029991] ACPI: PCI Root Bridge [PC11] (domain 0000 [bus dd-fa])
[    1.029996] acpi PNP0A08:09: _OSC: OS supports [ExtendedConfig ASPM ClockPM Segments MSI EDR HPX-Type3]
[    1.030043] acpi PNP0A08:09: _OSC: platform does not support [SHPCHotplug AER LTR DPC]
[    1.030122] acpi PNP0A08:09: _OSC: OS now controls [PCIeHotplug PME PCIeCapability]
[    1.030123] acpi PNP0A08:09: FADT indicates ASPM is unsupported, using BIOS configuration
[    1.030164] PCI host bridge to bus 0000:dd
[    1.030165] pci_bus 0000:dd: root bus resource [io  0xf000-0xffff window]
[    1.030166] pci_bus 0000:dd: root bus resource [mem 0xf2400000-0xfb7fbfff window]
[    1.030167] pci_bus 0000:dd: root bus resource [mem 0x290000000000-0x29ffffffffff window]
[    1.030168] pci_bus 0000:dd: root bus resource [bus dd-fa]
[    1.030177] pci 0000:dd:00.0: [8086:09a2] type 00 class 0x088000 PCIe Root Complex Integrated Endpoint
[    1.030244] pci 0000:dd:00.1: [8086:09a4] type 00 class 0x088000 PCIe Root Complex Integrated Endpoint
[    1.030309] pci 0000:dd:00.2: [8086:09a3] type 00 class 0x088000 PCIe Root Complex Integrated Endpoint
[    1.030374] pci 0000:dd:00.4: [8086:0998] type 00 class 0x060000 PCIe Root Complex Integrated Endpoint
[    1.030449] pci 0000:dd:02.0: [8086:347a] type 01 class 0x060400 PCIe Root Port
[    1.030459] pci 0000:dd:02.0: BAR 0 [mem 0x29fffff60000-0x29fffff7ffff 64bit]
[    1.030464] pci 0000:dd:02.0: PCI bridge to [bus de]
[    1.030476] pci 0000:dd:02.0: enabling Extended Tags
[    1.030512] pci 0000:dd:02.0: PME# supported from D0 D3hot D3cold
[    1.030595] pci 0000:dd:03.0: [8086:347b] type 01 class 0x060400 PCIe Root Port
[    1.030605] pci 0000:dd:03.0: BAR 0 [mem 0x29fffff40000-0x29fffff5ffff 64bit]
[    1.030610] pci 0000:dd:03.0: PCI bridge to [bus df]
[    1.030622] pci 0000:dd:03.0: enabling Extended Tags
[    1.030658] pci 0000:dd:03.0: PME# supported from D0 D3hot D3cold
[    1.030738] pci 0000:dd:04.0: [8086:347c] type 01 class 0x060400 PCIe Root Port
[    1.030747] pci 0000:dd:04.0: BAR 0 [mem 0x29fffff20000-0x29fffff3ffff 64bit]
[    1.030752] pci 0000:dd:04.0: PCI bridge to [bus e0]
[    1.030764] pci 0000:dd:04.0: enabling Extended Tags
[    1.030800] pci 0000:dd:04.0: PME# supported from D0 D3hot D3cold
[    1.030882] pci 0000:dd:05.0: [8086:347d] type 01 class 0x060400 PCIe Root Port
[    1.030892] pci 0000:dd:05.0: BAR 0 [mem 0x29fffff00000-0x29fffff1ffff 64bit]
[    1.030897] pci 0000:dd:05.0: PCI bridge to [bus e1]
[    1.030909] pci 0000:dd:05.0: enabling Extended Tags
[    1.030945] pci 0000:dd:05.0: PME# supported from D0 D3hot D3cold
[    1.031046] pci 0000:dd:02.0: PCI bridge to [bus de]
[    1.031072] pci 0000:dd:03.0: PCI bridge to [bus df]
[    1.031095] pci 0000:dd:04.0: PCI bridge to [bus e0]
[    1.031120] pci 0000:dd:05.0: PCI bridge to [bus e1]
[    1.031139] pci_bus 0000:dd: on NUMA node 1
[    1.031337] acpi/hmat: Memory Flags:0001 Processor Domain:0 Memory Domain:0
[    1.031339] acpi/hmat: Memory Flags:0001 Processor Domain:1 Memory Domain:1
[    1.031341] acpi/hmat: Locality: Flags:00 Type:Access Latency Initiator Domains:2 Target Domains:2 Base:100
[    1.031343] acpi/hmat:   Initiator-Target[0-0]:0 nsec
[    1.031344] acpi/hmat:   Initiator-Target[0-1]:50 nsec
[    1.031345] acpi/hmat:   Initiator-Target[1-0]:50 nsec
[    1.031346] acpi/hmat:   Initiator-Target[1-1]:0 nsec
[    1.031347] acpi/hmat: Locality: Flags:00 Type:Access Bandwidth Initiator Domains:2 Target Domains:2 Base:10
[    1.031348] acpi/hmat:   Initiator-Target[0-0]:102400 MB/s
[    1.031349] acpi/hmat:   Initiator-Target[0-1]:102400 MB/s
[    1.031350] acpi/hmat:   Initiator-Target[1-0]:102400 MB/s
[    1.031351] acpi/hmat:   Initiator-Target[1-1]:102400 MB/s
[    1.031432] iommu: Default domain type: Translated
[    1.031432] iommu: DMA domain TLB invalidation policy: lazy mode
[    1.031432] SCSI subsystem initialized
[    1.031432] libata version 3.00 loaded.
[    1.031432] ACPI: bus type USB registered
[    1.031432] usbcore: registered new interface driver usbfs
[    1.031432] usbcore: registered new interface driver hub
[    1.031432] usbcore: registered new device driver usb
[    1.031432] pps_core: LinuxPPS API ver. 1 registered
[    1.031432] pps_core: Software ver. 5.3.6 - Copyright 2005-2007 Rodolfo Giometti <giometti@linux.it>
[    1.031432] PTP clock support registered
[    1.031845] EDAC MC: Ver: 3.0.0
[    1.032401] efivars: Registered efivars operations
[    1.032401] NetLabel: Initializing
[    1.032401] NetLabel:  domain hash size = 128
[    1.032401] NetLabel:  protocols = UNLABELED CIPSOv4 CALIPSO
[    1.032401] NetLabel:  unlabeled traffic allowed by default
[    1.032842] mctp: management component transport protocol core
[    1.032843] NET: Registered PF_MCTP protocol family
[    1.032851] PCI: Using ACPI for IRQ routing
[    1.035541] PCI: pci_cache_line_size set to 64 bytes
[    1.036094] e820: reserve RAM buffer [mem 0x0009f000-0x0009ffff]
[    1.036096] e820: reserve RAM buffer [mem 0x3eb70000-0x3fffffff]
[    1.036097] e820: reserve RAM buffer [mem 0x3ec93000-0x3fffffff]
[    1.036098] e820: reserve RAM buffer [mem 0x502bc018-0x53ffffff]
[    1.036099] e820: reserve RAM buffer [mem 0x502f1018-0x53ffffff]
[    1.036101] e820: reserve RAM buffer [mem 0x50326018-0x53ffffff]
[    1.036102] e820: reserve RAM buffer [mem 0x5035b018-0x53ffffff]
[    1.036104] e820: reserve RAM buffer [mem 0x50390018-0x53ffffff]
[    1.036105] e820: reserve RAM buffer [mem 0x503c0018-0x53ffffff]
